Archive member included to satisfy reference by file (symbol)

/home/franco/Facultad/digital3/WORKSPACE/CMSISv2p00_LPC17xx/Debug/libCMSISv2p00_LPC17xx.a(system_LPC17xx.o)
                              ./src/TP_FINAL.o (SystemInit)
/home/franco/Facultad/digital3/WORKSPACE/CMSISv2p00_LPC17xx/Debug/libCMSISv2p00_LPC17xx.a(lpc17xx_exti.o)
                              ./src/TP_FINAL.o (EXTI_Config)
/home/franco/Facultad/digital3/WORKSPACE/CMSISv2p00_LPC17xx/Debug/libCMSISv2p00_LPC17xx.a(lpc17xx_pinsel.o)
                              ./src/TP_FINAL.o (PINSEL_ConfigPin)
/home/franco/Facultad/digital3/WORKSPACE/CMSISv2p00_LPC17xx/Debug/libCMSISv2p00_LPC17xx.a(lpc17xx_spi.o)
                              ./src/TP_FINAL.o (SPI_Init)
/home/franco/Facultad/digital3/WORKSPACE/CMSISv2p00_LPC17xx/Debug/libCMSISv2p00_LPC17xx.a(lpc17xx_systick.o)
                              ./src/TP_FINAL.o (SYSTICK_InternalInit)
/home/franco/Facultad/digital3/WORKSPACE/CMSISv2p00_LPC17xx/Debug/libCMSISv2p00_LPC17xx.a(lpc17xx_timer.o)
                              ./src/TP_FINAL.o (TIM_ClearIntPending)
/home/franco/Facultad/digital3/WORKSPACE/CMSISv2p00_LPC17xx/Debug/libCMSISv2p00_LPC17xx.a(lpc17xx_clkpwr.o)
                              /home/franco/Facultad/digital3/WORKSPACE/CMSISv2p00_LPC17xx/Debug/libCMSISv2p00_LPC17xx.a(lpc17xx_timer.o) (CLKPWR_SetPCLKDiv)
/home/franco/Facultad/digital3/WORKSPACE/CMSISv2p00_LPC17xx/Debug/libCMSISv2p00_LPC17xx.a(lpc17xx_libcfg_default.o)
                              /home/franco/Facultad/digital3/WORKSPACE/CMSISv2p00_LPC17xx/Debug/libCMSISv2p00_LPC17xx.a(lpc17xx_spi.o) (check_failed)
/usr/local/mcuxpresso-ide/ide/plugins/com.nxp.mcuxpresso.tools.linux_11.2.0.202001021529/tools/bin/../lib/gcc/arm-none-eabi/9.2.1/../../../../arm-none-eabi/lib/thumb/v7-m/nofp/libcr_semihost.a(_cr__main.o)
                              ./src/cr_startup_lpc175x_6x.o (__main)
/usr/local/mcuxpresso-ide/ide/plugins/com.nxp.mcuxpresso.tools.linux_11.2.0.202001021529/tools/bin/../lib/gcc/arm-none-eabi/9.2.1/../../../../arm-none-eabi/lib/thumb/v7-m/nofp/libcr_c.a(initio.o)
                              /usr/local/mcuxpresso-ide/ide/plugins/com.nxp.mcuxpresso.tools.linux_11.2.0.202001021529/tools/bin/../lib/gcc/arm-none-eabi/9.2.1/../../../../arm-none-eabi/lib/thumb/v7-m/nofp/libcr_semihost.a(_cr__main.o) (_initio)
/usr/local/mcuxpresso-ide/ide/plugins/com.nxp.mcuxpresso.tools.linux_11.2.0.202001021529/tools/bin/../lib/gcc/arm-none-eabi/9.2.1/../../../../arm-none-eabi/lib/thumb/v7-m/nofp/libcr_c.a(setvbuf.o)
                              /usr/local/mcuxpresso-ide/ide/plugins/com.nxp.mcuxpresso.tools.linux_11.2.0.202001021529/tools/bin/../lib/gcc/arm-none-eabi/9.2.1/../../../../arm-none-eabi/lib/thumb/v7-m/nofp/libcr_c.a(initio.o) (setvbuf)
/usr/local/mcuxpresso-ide/ide/plugins/com.nxp.mcuxpresso.tools.linux_11.2.0.202001021529/tools/bin/../lib/gcc/arm-none-eabi/9.2.1/../../../../arm-none-eabi/lib/thumb/v7-m/nofp/libcr_c.a(_fdopen.o)
                              /usr/local/mcuxpresso-ide/ide/plugins/com.nxp.mcuxpresso.tools.linux_11.2.0.202001021529/tools/bin/../lib/gcc/arm-none-eabi/9.2.1/../../../../arm-none-eabi/lib/thumb/v7-m/nofp/libcr_c.a(initio.o) (_fdopen)
/usr/local/mcuxpresso-ide/ide/plugins/com.nxp.mcuxpresso.tools.linux_11.2.0.202001021529/tools/bin/../lib/gcc/arm-none-eabi/9.2.1/../../../../arm-none-eabi/lib/thumb/v7-m/nofp/libcr_c.a(fclose.o)
                              /usr/local/mcuxpresso-ide/ide/plugins/com.nxp.mcuxpresso.tools.linux_11.2.0.202001021529/tools/bin/../lib/gcc/arm-none-eabi/9.2.1/../../../../arm-none-eabi/lib/thumb/v7-m/nofp/libcr_c.a(initio.o) (fclose)
/usr/local/mcuxpresso-ide/ide/plugins/com.nxp.mcuxpresso.tools.linux_11.2.0.202001021529/tools/bin/../lib/gcc/arm-none-eabi/9.2.1/../../../../arm-none-eabi/lib/thumb/v7-m/nofp/libcr_c.a(fflush.o)
                              /usr/local/mcuxpresso-ide/ide/plugins/com.nxp.mcuxpresso.tools.linux_11.2.0.202001021529/tools/bin/../lib/gcc/arm-none-eabi/9.2.1/../../../../arm-none-eabi/lib/thumb/v7-m/nofp/libcr_c.a(fclose.o) (fflush)
/usr/local/mcuxpresso-ide/ide/plugins/com.nxp.mcuxpresso.tools.linux_11.2.0.202001021529/tools/bin/../lib/gcc/arm-none-eabi/9.2.1/../../../../arm-none-eabi/lib/thumb/v7-m/nofp/libcr_c.a(fseek.o)
                              /usr/local/mcuxpresso-ide/ide/plugins/com.nxp.mcuxpresso.tools.linux_11.2.0.202001021529/tools/bin/../lib/gcc/arm-none-eabi/9.2.1/../../../../arm-none-eabi/lib/thumb/v7-m/nofp/libcr_c.a(_fdopen.o) (fseek)
/usr/local/mcuxpresso-ide/ide/plugins/com.nxp.mcuxpresso.tools.linux_11.2.0.202001021529/tools/bin/../lib/gcc/arm-none-eabi/9.2.1/../../../../arm-none-eabi/lib/thumb/v7-m/nofp/libcr_c.a(ftell.o)
                              /usr/local/mcuxpresso-ide/ide/plugins/com.nxp.mcuxpresso.tools.linux_11.2.0.202001021529/tools/bin/../lib/gcc/arm-none-eabi/9.2.1/../../../../arm-none-eabi/lib/thumb/v7-m/nofp/libcr_c.a(fseek.o) (ftell)
[...]
Memory Configuration

Name             Origin             Length             Attributes
MFlash512        0x0000000000000000 0x0000000000080000 xr
RamLoc32         0x0000000010000000 0x0000000000008000 xrw
RamAHB32         0x000000002007c000 0x0000000000008000 xrw
*default*        0x0000000000000000 0xffffffffffffffff

Linker script and memory map

LOAD ./src/TP_FINAL.o
LOAD ./src/cr_startup_lpc175x_6x.o
LOAD ./src/crp.o
LOAD /home/franco/Facultad/digital3/WORKSPACE/CMSISv2p00_LPC17xx/Debug/libCMSISv2p00_LPC17xx.a
START GROUP
LOAD /usr/local/mcuxpresso-ide/ide/plugins/com.nxp.mcuxpresso.tools.linux_11.2.0.202001021529/tools/bin/../lib/gcc/arm-none-eabi/9.2.1/../../../../arm-none-eabi/lib/thumb/v7-m/nofp/libcr_semihost.a
LOAD /usr/local/mcuxpresso-ide/ide/plugins/com.nxp.mcuxpresso.tools.linux_11.2.0.202001021529/tools/bin/../lib/gcc/arm-none-eabi/9.2.1/../../../../arm-none-eabi/lib/thumb/v7-m/nofp/libcr_c.a
LOAD /usr/local/mcuxpresso-ide/ide/plugins/com.nxp.mcuxpresso.tools.linux_11.2.0.202001021529/tools/bin/../lib/gcc/arm-none-eabi/9.2.1/thumb/v7-m/nofp/libcr_eabihelpers.a
LOAD /usr/local/mcuxpresso-ide/ide/plugins/com.nxp.mcuxpresso.tools.linux_11.2.0.202001021529/tools/bin/../lib/gcc/arm-none-eabi/9.2.1/thumb/v7-m/nofp/libgcc.a
END GROUP
                0x0000000000000000                __base_MFlash512 = 0x0
                0x0000000000000000                __base_Flash = 0x0
                0x0000000000080000                __top_MFlash512 = 0x80000
                0x0000000000080000                __top_Flash = 0x80000
                0x0000000010000000                __base_RamLoc32 = 0x10000000
                0x0000000010000000                __base_RAM = 0x10000000
                0x0000000010008000                __top_RamLoc32 = 0x10008000
                0x0000000010008000                __top_RAM = 0x10008000
                0x000000002007c000                __base_RamAHB32 = 0x2007c000
                0x000000002007c000                __base_RAM2 = 0x2007c000
                0x0000000020084000                __top_RamAHB32 = 0x20084000
                0x0000000020084000                __top_RAM2 = 0x20084000

.text           0x0000000000000000     0x1b14
 FILL mask 0xff
                0x0000000000000000                __vectors_start__ = ABSOLUTE (.)
 *(.isr_vector)
 .isr_vector    0x0000000000000000       0xcc ./src/cr_startup_lpc175x_6x.o
                0x0000000000000000                g_pfnVectors
                0x00000000000000cc                . = ALIGN (0x4)
                0x00000000000000cc                __section_table_start = .
                0x00000000000000cc                __data_section_table = .
                0x00000000000000cc        0x4 LONG 0x1b14 LOADADDR (.data)
                0x00000000000000d0        0x4 LONG 0x10000000 ADDR (.data)
                0x00000000000000d4        0x4 LONG 0x64 SIZEOF (.data)
                0x00000000000000d8        0x4 LONG 0x1b14 LOADADDR (.data_RAM2)
                0x00000000000000dc        0x4 LONG 0x2007c000 ADDR (.data_RAM2)
                0x00000000000000e0        0x4 LONG 0x0 SIZEOF (.data_RAM2)
                0x00000000000000e4                __data_section_table_end = .
                0x00000000000000e4                __bss_section_table = .
                0x00000000000000e4        0x4 LONG 0x10000064 ADDR (.bss)
                0x00000000000000e8        0x4 LONG 0x1fc SIZEOF (.bss)
                0x00000000000000ec        0x4 LONG 0x2007c000 ADDR (.bss_RAM2)
                0x00000000000000f0        0x4 LONG 0x0 SIZEOF (.bss_RAM2)
                0x00000000000000f4                __bss_section_table_end = .
                0x00000000000000f4                __section_table_end = .
 *(.after_vectors*)
 .after_vectors
                0x00000000000000f4      0x130 ./src/cr_startup_lpc175x_6x.o
                0x00000000000000f4                data_init
                0x0000000000000138                bss_init
                0x0000000000000170                ResetISR
                0x00000000000001e8                NMI_Handler
                0x00000000000001ee                HardFault_Handler
                0x00000000000001f4                MemManage_Handler
                0x00000000000001fa                BusFault_Handler
                0x0000000000000200                UsageFault_Handler
                0x0000000000000206                SVC_Handler
                0x000000000000020c                DebugMon_Handler
                0x0000000000000212                PendSV_Handler
                0x000000000000021e                TIMER2_IRQHandler
                0x000000000000021e                RIT_IRQHandler
                0x000000000000021e                I2C0_IRQHandler
                0x000000000000021e                USBActivity_IRQHandler
                0x000000000000021e                PWM1_IRQHandler
                0x000000000000021e                I2C1_IRQHandler
                0x000000000000021e                EINT2_IRQHandler
                0x000000000000021e                UART1_IRQHandler
                0x000000000000021e                EINT3_IRQHandler
                0x000000000000021e                CANActivity_IRQHandler
                0x000000000000021e                TIMER3_IRQHandler
                0x000000000000021e                UART0_IRQHandler
                0x000000000000021e                IntDefaultHandler
                0x000000000000021e                PLL0_IRQHandler
                0x000000000000021e                CAN_IRQHandler
                0x000000000000021e                PLL1_IRQHandler
                0x000000000000021e                SSP0_IRQHandler
                0x000000000000021e                I2S_IRQHandler
                0x000000000000021e                I2C2_IRQHandler
                0x000000000000021e                RTC_IRQHandler
                0x000000000000021e                SPI_IRQHandler
                0x000000000000021e                EINT1_IRQHandler
                0x000000000000021e                TIMER1_IRQHandler
                0x000000000000021e                UART2_IRQHandler
                0x000000000000021e                ADC_IRQHandler
                0x000000000000021e                SSP1_IRQHandler
                0x000000000000021e                USB_IRQHandler
                0x000000000000021e                BOD_IRQHandler
                0x000000000000021e                WDT_IRQHandler
                0x000000000000021e                QEI_IRQHandler
                0x000000000000021e                DMA_IRQHandler
                0x000000000000021e                UART3_IRQHandler
                0x000000000000021e                MCPWM_IRQHandler
                0x000000000000021e                ENET_IRQHandler
 *(.text*)
 .text.NVIC_EnableIRQ
                0x0000000000000224       0x30 ./src/TP_FINAL.o
 .text.NVIC_SetPriority
                0x0000000000000254       0x54 ./src/TP_FINAL.o
 .text.main     0x00000000000002a8       0x4c ./src/TP_FINAL.o
                0x00000000000002a8                main
 .text.llenar_leds
                0x00000000000002f4       0x38 ./src/TP_FINAL.o
                0x00000000000002f4                llenar_leds
 .text.desplazar_fila
                0x000000000000032c       0x8c ./src/TP_FINAL.o
                0x000000000000032c                desplazar_fila
 .text.confEInt
                0x00000000000003b8       0x36 ./src/TP_FINAL.o
                0x00000000000003b8                confEInt
 *fill*         0x00000000000003ee        0x2 ff
 .text.confPin  0x00000000000003f0       0x58 ./src/TP_FINAL.o
                0x00000000000003f0                confPin
 .text.retardo  0x0000000000000448       0x26 ./src/TP_FINAL.o
                0x0000000000000448                retardo
 *fill*         0x000000000000046e        0x2 ff
 .text.llenar_win
                0x0000000000000470       0x8c ./src/TP_FINAL.o
                0x0000000000000470                llenar_win
 .text.llenar_lose
                0x00000000000004fc       0x8c ./src/TP_FINAL.o
                0x00000000000004fc                llenar_lose
 .text.conf_spi
                0x0000000000000588      0x190 ./src/TP_FINAL.o
                0x0000000000000588                conf_spi
 .text.update_leds
                0x0000000000000718       0x7c ./src/TP_FINAL.o
                0x0000000000000718                update_leds
 .text.conf_timer0
                0x0000000000000794       0x68 ./src/TP_FINAL.o
                0x0000000000000794                conf_timer0
 .text.conf_timer1
                0x00000000000007fc       0x58 ./src/TP_FINAL.o
                0x00000000000007fc                conf_timer1
 .text.cant_bits
                0x0000000000000854       0x46 ./src/TP_FINAL.o
                0x0000000000000854                cant_bits
 .text.cual_bit
                0x000000000000089a       0x40 ./src/TP_FINAL.o
                0x000000000000089a                cual_bit
 *fill*         0x00000000000008da        0x2 ff
 .text.hacer_tono
                0x00000000000008dc       0x30 ./src/TP_FINAL.o
                0x00000000000008dc                hacer_tono
 .text.SysTick_Handler
                0x000000000000090c       0x28 ./src/TP_FINAL.o
                0x000000000000090c                SysTick_Handler
 .text.TIMER0_IRQHandler
                0x0000000000000934       0x30 ./src/TP_FINAL.o
                0x0000000000000934                TIMER0_IRQHandler
 .text.EINT0_IRQHandler
                0x0000000000000964      0x19c ./src/TP_FINAL.o
                0x0000000000000964                EINT0_IRQHandler
 .text.SystemInit
                0x0000000000000b00       0xdc /home/franco/Facultad/digital3/WORKSPACE/CMSISv2p00_LPC17xx/Debug/libCMSISv2p00_LPC17xx.a(system_LPC17xx.o)
                0x0000000000000b00                SystemInit
 .text.EXTI_SetMode
                0x0000000000000bdc       0x30 /home/franco/Facultad/digital3/WORKSPACE/CMSISv2p00_LPC17xx/Debug/libCMSISv2p00_LPC17xx.a(lpc17xx_exti.o)
                0x0000000000000bdc                EXTI_SetMode
 .text.EXTI_SetPolarity
                0x0000000000000c0c       0x30 /home/franco/Facultad/digital3/WORKSPACE/CMSISv2p00_LPC17xx/Debug/libCMSISv2p00_LPC17xx.a(lpc17xx_exti.o)
                0x0000000000000c0c                EXTI_SetPolarity
 .text.EXTI_Config
                0x0000000000000c3c       0x24 /home/franco/Facultad/digital3/WORKSPACE/CMSISv2p00_LPC17xx/Debug/libCMSISv2p00_LPC17xx.a(lpc17xx_exti.o)
                0x0000000000000c3c                EXTI_Config
 .text.EXTI_ClearEXTIFlag
                0x0000000000000c60       0x18 /home/franco/Facultad/digital3/WORKSPACE/CMSISv2p00_LPC17xx/Debug/libCMSISv2p00_LPC17xx.a(lpc17xx_exti.o)
                0x0000000000000c60                EXTI_ClearEXTIFlag
 .text.PINSEL_ConfigPin
                0x0000000000000c78       0x7c /home/franco/Facultad/digital3/WORKSPACE/CMSISv2p00_LPC17xx/Debug/libCMSISv2p00_LPC17xx.a(lpc17xx_pinsel.o)
                0x0000000000000c78                PINSEL_ConfigPin
 .text.SPI_SetClock.part.0
                0x0000000000000cf4       0x28 /home/franco/Facultad/digital3/WORKSPACE/CMSISv2p00_LPC17xx/Debug/libCMSISv2p00_LPC17xx.a(lpc17xx_spi.o)
 .text.SPI_GetDataSize
                0x0000000000000d1c       0x24 /home/franco/Facultad/digital3/WORKSPACE/CMSISv2p00_LPC17xx/Debug/libCMSISv2p00_LPC17xx.a(lpc17xx_spi.o)
                0x0000000000000d1c                SPI_GetDataSize
 .text.SPI_Init
                0x0000000000000d40       0x5c /home/franco/Facultad/digital3/WORKSPACE/CMSISv2p00_LPC17xx/Debug/libCMSISv2p00_LPC17xx.a(lpc17xx_spi.o)
                0x0000000000000d40                SPI_Init
 .text.SPI_SendData
                0x0000000000000d9c       0x20 /home/franco/Facultad/digital3/WORKSPACE/CMSISv2p00_LPC17xx/Debug/libCMSISv2p00_LPC17xx.a(lpc17xx_spi.o)
                0x0000000000000d9c                SPI_SendData
 .text.SPI_ReceiveData
                0x0000000000000dbc       0x20 /home/franco/Facultad/digital3/WORKSPACE/CMSISv2p00_LPC17xx/Debug/libCMSISv2p00_LPC17xx.a(lpc17xx_spi.o)
                0x0000000000000dbc                SPI_ReceiveData
 .text.SPI_IntCmd
                0x0000000000000ddc       0x44 /home/franco/Facultad/digital3/WORKSPACE/CMSISv2p00_LPC17xx/Debug/libCMSISv2p00_LPC17xx.a(lpc17xx_spi.o)
                0x0000000000000ddc                SPI_IntCmd
 .text.SPI_ReadWrite
                0x0000000000000e20       0xfa /home/franco/Facultad/digital3/WORKSPACE/CMSISv2p00_LPC17xx/Debug/libCMSISv2p00_LPC17xx.a(lpc17xx_spi.o)
                0x0000000000000e20                SPI_ReadWrite
 *fill*         0x0000000000000f1a        0x2 ff
 .text.SYSTICK_InternalInit
                0x0000000000000f1c       0x48 /home/franco/Facultad/digital3/WORKSPACE/CMSISv2p00_LPC17xx/Debug/libCMSISv2p00_LPC17xx.a(lpc17xx_systick.o)
                0x0000000000000f1c                SYSTICK_InternalInit
 .text.SYSTICK_Cmd
                0x0000000000000f64       0x2c /home/franco/Facultad/digital3/WORKSPACE/CMSISv2p00_LPC17xx/Debug/libCMSISv2p00_LPC17xx.a(lpc17xx_systick.o)
                0x0000000000000f64                SYSTICK_Cmd
 .text.SYSTICK_IntCmd
                0x0000000000000f90       0x2c /home/franco/Facultad/digital3/WORKSPACE/CMSISv2p00_LPC17xx/Debug/libCMSISv2p00_LPC17xx.a(lpc17xx_systick.o)
                0x0000000000000f90                SYSTICK_IntCmd
 .text.SYSTICK_ClearCounterFlag
                0x0000000000000fbc       0x10 /home/franco/Facultad/digital3/WORKSPACE/CMSISv2p00_LPC17xx/Debug/libCMSISv2p00_LPC17xx.a(lpc17xx_systick.o)
                0x0000000000000fbc                SYSTICK_ClearCounterFlag
 .text.TIM_ClearIntPending
                0x0000000000000fcc       0x4c /home/franco/Facultad/digital3/WORKSPACE/CMSISv2p00_LPC17xx/Debug/libCMSISv2p00_LPC17xx.a(lpc17xx_timer.o)
                0x0000000000000fcc                TIM_ClearIntPending
 .text.TIM_Init
                0x0000000000001018      0x15c /home/franco/Facultad/digital3/WORKSPACE/CMSISv2p00_LPC17xx/Debug/libCMSISv2p00_LPC17xx.a(lpc17xx_timer.o)
                0x0000000000001018                TIM_Init
 .text.TIM_Cmd  0x0000000000001174       0x48 /home/franco/Facultad/digital3/WORKSPACE/CMSISv2p00_LPC17xx/Debug/libCMSISv2p00_LPC17xx.a(lpc17xx_timer.o)
                0x0000000000001174                TIM_Cmd
 .text.TIM_ResetCounter
                0x00000000000011bc       0x44 /home/franco/Facultad/digital3/WORKSPACE/CMSISv2p00_LPC17xx/Debug/libCMSISv2p00_LPC17xx.a(lpc17xx_timer.o)
                0x00000000000011bc                TIM_ResetCounter
 .text.TIM_ConfigMatch
                0x0000000000001200       0xcc /home/franco/Facultad/digital3/WORKSPACE/CMSISv2p00_LPC17xx/Debug/libCMSISv2p00_LPC17xx.a(lpc17xx_timer.o)
                0x0000000000001200                TIM_ConfigMatch
 .text.CLKPWR_SetPCLKDiv
                0x00000000000012cc       0x4c /home/franco/Facultad/digital3/WORKSPACE/CMSISv2p00_LPC17xx/Debug/libCMSISv2p00_LPC17xx.a(lpc17xx_clkpwr.o)
                0x00000000000012cc                CLKPWR_SetPCLKDiv
 .text.CLKPWR_GetPCLKSEL
                0x0000000000001318       0x20 /home/franco/Facultad/digital3/WORKSPACE/CMSISv2p00_LPC17xx/Debug/libCMSISv2p00_LPC17xx.a(lpc17xx_clkpwr.o)
                0x0000000000001318                CLKPWR_GetPCLKSEL
 .text.CLKPWR_GetPCLK
                0x0000000000001338       0x20 /home/franco/Facultad/digital3/WORKSPACE/CMSISv2p00_LPC17xx/Debug/libCMSISv2p00_LPC17xx.a(lpc17xx_clkpwr.o)
                0x0000000000001338                CLKPWR_GetPCLK
 .text.CLKPWR_ConfigPPWR
                0x0000000000001358       0x34 /home/franco/Facultad/digital3/WORKSPACE/CMSISv2p00_LPC17xx/Debug/libCMSISv2p00_LPC17xx.a(lpc17xx_clkpwr.o)
                0x0000000000001358                CLKPWR_ConfigPPWR
 .text.check_failed
                0x000000000000138c        0x2 /home/franco/Facultad/digital3/WORKSPACE/CMSISv2p00_LPC17xx/Debug/libCMSISv2p00_LPC17xx.a(lpc17xx_libcfg_default.o)
                0x000000000000138c                check_failed
 .text.__main   0x000000000000138e        0xe /usr/local/mcuxpresso-ide/ide/plugins/com.nxp.mcuxpresso.tools.linux_11.2.0.202001021529/tools/bin/../lib/gcc/arm-none-eabi/9.2.1/../../../../arm-none-eabi/lib/thumb/v7-m/nofp/libcr_semihost.a(_cr__main.o)
                0x000000000000138e                __main
                0x000000000000138e                __CR_SEMIHOST
 .text._initio  0x000000000000139c       0x78 /usr/local/mcuxpresso-ide/ide/plugins/com.nxp.mcuxpresso.tools.linux_11.2.0.202001021529/tools/bin/../lib/gcc/arm-none-eabi/9.2.1/../../../../arm-none-eabi/lib/thumb/v7-m/nofp/libcr_c.a(initio.o)
                0x000000000000139c                _initio
 .text.setvbuf  0x0000000000001414       0x3e /usr/local/mcuxpresso-ide/ide/plugins/com.nxp.mcuxpresso.tools.linux_11.2.0.202001021529/tools/bin/../lib/gcc/arm-none-eabi/9.2.1/../../../../arm-none-eabi/lib/thumb/v7-m/nofp/libcr_c.a(setvbuf.o)
                0x0000000000001414                setvbuf
 .text._fdopen  0x0000000000001452       0x68 /usr/local/mcuxpresso-ide/ide/plugins/com.nxp.mcuxpresso.tools.linux_11.2.0.202001021529/tools/bin/../lib/gcc/arm-none-eabi/9.2.1/../../../../arm-none-eabi/lib/thumb/v7-m/nofp/libcr_c.a(_fdopen.o)
                0x0000000000001452                _fdopen
 .text.fclose   0x00000000000014ba       0x58 /usr/local/mcuxpresso-ide/ide/plugins/com.nxp.mcuxpresso.tools.linux_11.2.0.202001021529/tools/bin/../lib/gcc/arm-none-eabi/9.2.1/../../../../arm-none-eabi/lib/thumb/v7-m/nofp/libcr_c.a(fclose.o)
                0x00000000000014ba                fclose
 *fill*         0x0000000000001512        0x2 ff
 .text.fflush   0x0000000000001514       0x44 /usr/local/mcuxpresso-ide/ide/plugins/com.nxp.mcuxpresso.tools.linux_11.2.0.202001021529/tools/bin/../lib/gcc/arm-none-eabi/9.2.1/../../../../arm-none-eabi/lib/thumb/v7-m/nofp/libcr_c.a(fflush.o)
                0x0000000000001514                fflush
 .text.fseek    0x0000000000001558      0x100 /usr/local/mcuxpresso-ide/ide/plugins/com.nxp.mcuxpresso.tools.linux_11.2.0.202001021529/tools/bin/../lib/gcc/arm-none-eabi/9.2.1/../../../../arm-none-eabi/lib/thumb/v7-m/nofp/libcr_c.a(fseek.o)
                0x0000000000001558                fseek
 .text.ftell    0x0000000000001658       0x44 /usr/local/mcuxpresso-ide/ide/plugins/com.nxp.mcuxpresso.tools.linux_11.2.0.202001021529/tools/bin/../lib/gcc/arm-none-eabi/9.2.1/../../../../arm-none-eabi/lib/thumb/v7-m/nofp/libcr_c.a(ftell.o)
                0x0000000000001658                ftell
 .text.remove   0x000000000000169c       0x14 /usr/local/mcuxpresso-ide/ide/plugins/com.nxp.mcuxpresso.tools.linux_11.2.0.202001021529/tools/bin/../lib/gcc/arm-none-eabi/9.2.1/../../../../arm-none-eabi/lib/thumb/v7-m/nofp/libcr_c.a(remove.o)
                0x000000000000169c                remove
 .text.strlen   0x00000000000016b0       0x4c /usr/local/mcuxpresso-ide/ide/plugins/com.nxp.mcuxpresso.tools.linux_11.2.0.202001021529/tools/bin/../lib/gcc/arm-none-eabi/9.2.1/../../../../arm-none-eabi/lib/thumb/v7-m/nofp/libcr_c.a(strlen.o)
                0x00000000000016b0                strlen
 .text.memset   0x00000000000016fc        0x4 /usr/local/mcuxpresso-ide/ide/plugins/com.nxp.mcuxpresso.tools.linux_11.2.0.202001021529/tools/bin/../lib/gcc/arm-none-eabi/9.2.1/../../../../arm-none-eabi/lib/thumb/v7-m/nofp/libcr_c.a(memset.o)
                0x00000000000016fc                memset
 .text._do_fflush
                0x0000000000001700       0x40 /usr/local/mcuxpresso-ide/ide/plugins/com.nxp.mcuxpresso.tools.linux_11.2.0.202001021529/tools/bin/../lib/gcc/arm-none-eabi/9.2.1/../../../../arm-none-eabi/lib/thumb/v7-m/nofp/libcr_c.a(_do_fflush.o)
                0x0000000000001700                _do_fflush
 .text._fflush  0x0000000000001740       0x52 /usr/local/mcuxpresso-ide/ide/plugins/com.nxp.mcuxpresso.tools.linux_11.2.0.202001021529/tools/bin/../lib/gcc/arm-none-eabi/9.2.1/../../../../arm-none-eabi/lib/thumb/v7-m/nofp/libcr_c.a(_fflush.o)
                0x0000000000001740                _fflush
 *fill*         0x0000000000001792        0x2 ff
 .text._Cwritebuf
                0x0000000000001794       0x6c /usr/local/mcuxpresso-ide/ide/plugins/com.nxp.mcuxpresso.tools.linux_11.2.0.202001021529/tools/bin/../lib/gcc/arm-none-eabi/9.2.1/../../../../arm-none-eabi/lib/thumb/v7-m/nofp/libcr_c.a(_writebuf.o)
                0x0000000000001794                _Cwritebuf
 .text.free     0x0000000000001800       0x30 /usr/local/mcuxpresso-ide/ide/plugins/com.nxp.mcuxpresso.tools.linux_11.2.0.202001021529/tools/bin/../lib/gcc/arm-none-eabi/9.2.1/../../../../arm-none-eabi/lib/thumb/v7-m/nofp/libcr_c.a(alloc.o)
                0x0000000000001800                free
 .text._deferredlazyseek
                0x0000000000001830       0x40 /usr/local/mcuxpresso-ide/ide/plugins/com.nxp.mcuxpresso.tools.linux_11.2.0.202001021529/tools/bin/../lib/gcc/arm-none-eabi/9.2.1/../../../../arm-none-eabi/lib/thumb/v7-m/nofp/libcr_c.a(_deferredlazyseek.o)
                0x0000000000001830                _deferredlazyseek
 .text.__aeabi_division_uldivmod
                0x0000000000001870      0x174 /usr/local/mcuxpresso-ide/ide/plugins/com.nxp.mcuxpresso.tools.linux_11.2.0.202001021529/tools/bin/../lib/gcc/arm-none-eabi/9.2.1/thumb/v7-m/nofp/libcr_eabihelpers.a(division_64.o)
                0x0000000000001870                __aeabi_uldivmod
                0x0000000000001874                __bhs_ldivmod1
 .text.__aeabi_division_idiv0
                0x00000000000019e4        0x2 /usr/local/mcuxpresso-ide/ide/plugins/com.nxp.mcuxpresso.tools.linux_11.2.0.202001021529/tools/bin/../lib/gcc/arm-none-eabi/9.2.1/thumb/v7-m/nofp/libcr_eabihelpers.a(division_idiv0.o)
                0x00000000000019e4                __aeabi_idiv0
 .text.__bhs_ui2f
                0x00000000000019e6       0x26 /usr/local/mcuxpresso-ide/ide/plugins/com.nxp.mcuxpresso.tools.linux_11.2.0.202001021529/tools/bin/../lib/gcc/arm-none-eabi/9.2.1/thumb/v7-m/nofp/libcr_eabihelpers.a(float.o)
                0x00000000000019e6                __bhs_ui2f
 .text.__aeabi_ui2f
                0x0000000000001a0c        0x8 /usr/local/mcuxpresso-ide/ide/plugins/com.nxp.mcuxpresso.tools.linux_11.2.0.202001021529/tools/bin/../lib/gcc/arm-none-eabi/9.2.1/thumb/v7-m/nofp/libcr_eabihelpers.a(float.o)
                0x0000000000001a0c                __aeabi_ui2f
 .text.__aeabi_fcmpgt
                0x0000000000001a14       0x3a /usr/local/mcuxpresso-ide/ide/plugins/com.nxp.mcuxpresso.tools.linux_11.2.0.202001021529/tools/bin/../lib/gcc/arm-none-eabi/9.2.1/thumb/v7-m/nofp/libcr_eabihelpers.a(float.o)
                0x0000000000001a14                __aeabi_fcmpgt
 .text.__aeabi_memset_lowlevel
                0x0000000000001a4e       0x32 /usr/local/mcuxpresso-ide/ide/plugins/com.nxp.mcuxpresso.tools.linux_11.2.0.202001021529/tools/bin/../lib/gcc/arm-none-eabi/9.2.1/thumb/v7-m/nofp/libcr_eabihelpers.a(memcpy.o)
                0x0000000000001a4e                __aeabi_lowlevel_memset
 .text.__sys_close
                0x0000000000001a80        0xc /usr/local/mcuxpresso-ide/ide/plugins/com.nxp.mcuxpresso.tools.linux_11.2.0.202001021529/tools/bin/../lib/gcc/arm-none-eabi/9.2.1/../../../../arm-none-eabi/lib/thumb/v7-m/nofp/libcr_semihost.a(__sys_close.o)
                0x0000000000001a80                __sys_close
 .text.__sys_flen
                0x0000000000001a8c        0xc /usr/local/mcuxpresso-ide/ide/plugins/com.nxp.mcuxpresso.tools.linux_11.2.0.202001021529/tools/bin/../lib/gcc/arm-none-eabi/9.2.1/../../../../arm-none-eabi/lib/thumb/v7-m/nofp/libcr_semihost.a(__sys_flen.o)
                0x0000000000001a8c                __sys_flen
 .text.__sys_istty
                0x0000000000001a98        0xc /usr/local/mcuxpresso-ide/ide/plugins/com.nxp.mcuxpresso.tools.linux_11.2.0.202001021529/tools/bin/../lib/gcc/arm-none-eabi/9.2.1/../../../../arm-none-eabi/lib/thumb/v7-m/nofp/libcr_semihost.a(__sys_istty.o)
                0x0000000000001a98                __sys_istty
 .text.__sys_remove
                0x0000000000001aa4        0xc /usr/local/mcuxpresso-ide/ide/plugins/com.nxp.mcuxpresso.tools.linux_11.2.0.202001021529/tools/bin/../lib/gcc/arm-none-eabi/9.2.1/../../../../arm-none-eabi/lib/thumb/v7-m/nofp/libcr_semihost.a(__sys_remove.o)
                0x0000000000001aa4                __sys_remove
 .text.__sys_seek
                0x0000000000001ab0        0xc /usr/local/mcuxpresso-ide/ide/plugins/com.nxp.mcuxpresso.tools.linux_11.2.0.202001021529/tools/bin/../lib/gcc/arm-none-eabi/9.2.1/../../../../arm-none-eabi/lib/thumb/v7-m/nofp/libcr_semihost.a(__sys_seek.o)
                0x0000000000001ab0                __sys_seek
 .text.__sys_tmpnam
                0x0000000000001abc        0xc /usr/local/mcuxpresso-ide/ide/plugins/com.nxp.mcuxpresso.tools.linux_11.2.0.202001021529/tools/bin/../lib/gcc/arm-none-eabi/9.2.1/../../../../arm-none-eabi/lib/thumb/v7-m/nofp/libcr_semihost.a(__sys_tmpnam.o)
                0x0000000000001abc                __sys_tmpnam
 .text.__sys_write
                0x0000000000001ac8        0xc /usr/local/mcuxpresso-ide/ide/plugins/com.nxp.mcuxpresso.tools.linux_11.2.0.202001021529/tools/bin/../lib/gcc/arm-none-eabi/9.2.1/../../../../arm-none-eabi/lib/thumb/v7-m/nofp/libcr_semihost.a(__sys_write.o)
                0x0000000000001ac8                __sys_write
 *(.rodata .rodata.* .constdata .constdata.*)
 .rodata.SPI_SetClock.str1.1
                0x0000000000001ad4        0xf /home/franco/Facultad/digital3/WORKSPACE/CMSISv2p00_LPC17xx/Debug/libCMSISv2p00_LPC17xx.a(lpc17xx_spi.o)
 .rodata.SYSTICK_Cmd.str1.1
                0x0000000000001ae3       0x13 /home/franco/Facultad/digital3/WORKSPACE/CMSISv2p00_LPC17xx/Debug/libCMSISv2p00_LPC17xx.a(lpc17xx_systick.o)
 .rodata.TIM_GetIntStatus.str1.1
                0x0000000000001af6       0x11 /home/franco/Facultad/digital3/WORKSPACE/CMSISv2p00_LPC17xx/Debug/libCMSISv2p00_LPC17xx.a(lpc17xx_timer.o)
 .rodata.CSWTCH.5
                0x0000000000001b07        0x4 /home/franco/Facultad/digital3/WORKSPACE/CMSISv2p00_LPC17xx/Debug/libCMSISv2p00_LPC17xx.a(lpc17xx_clkpwr.o)
 .rodata._initio.str1.1
                0x0000000000001b0b        0x4 /usr/local/mcuxpresso-ide/ide/plugins/com.nxp.mcuxpresso.tools.linux_11.2.0.202001021529/tools/bin/../lib/gcc/arm-none-eabi/9.2.1/../../../../arm-none-eabi/lib/thumb/v7-m/nofp/libcr_c.a(initio.o)
 *fill*         0x0000000000001b0f        0x1 ff
 .rodata.__num_Ciob_streams
                0x0000000000001b10        0x4 /usr/local/mcuxpresso-ide/ide/plugins/com.nxp.mcuxpresso.tools.linux_11.2.0.202001021529/tools/bin/../lib/gcc/arm-none-eabi/9.2.1/../../../../arm-none-eabi/lib/thumb/v7-m/nofp/libcr_semihost.a(__ciob.o)
                0x0000000000001b10                __num_Ciob_streams
                0x0000000000001b14                . = ALIGN (0x4)

.glue_7         0x0000000000001b14        0x0
 .glue_7        0x0000000000001b14        0x0 linker stubs

.glue_7t        0x0000000000001b14        0x0
 .glue_7t       0x0000000000001b14        0x0 linker stubs

.vfp11_veneer   0x0000000000001b14        0x0
 .vfp11_veneer  0x0000000000001b14        0x0 linker stubs

.v4_bx          0x0000000000001b14        0x0
 .v4_bx         0x0000000000001b14        0x0 linker stubs

.iplt           0x0000000000001b14        0x0
 .iplt          0x0000000000001b14        0x0 ./src/TP_FINAL.o

.rel.dyn        0x0000000000001b14        0x0
 .rel.iplt      0x0000000000001b14        0x0 ./src/TP_FINAL.o

.ARM.extab
 *(.ARM.extab* .gnu.linkonce.armextab.*)

.ARM.exidx      0x0000000000001b14        0x0
                0x0000000000001b14                __exidx_start = .
 *(.ARM.exidx* .gnu.linkonce.armexidx.*)
                0x0000000000001b14                __exidx_end = .
                0x0000000000001b14                _etext = .

.data_RAM2      0x000000002007c000        0x0 load address 0x0000000000001b14
 FILL mask 0xff
                [!provide]                        PROVIDE (__start_data_RAM2 = .)
                [!provide]                        PROVIDE (__start_data_RamAHB32 = .)
 *(.ramfunc.$RAM2)
 *(.ramfunc.$RamAHB32)
 *(.data.$RAM2)
 *(.data.$RamAHB32)
 *(.data.$RAM2.*)
 *(.data.$RamAHB32.*)
                0x000000002007c000                . = ALIGN (0x4)
                [!provide]                        PROVIDE (__end_data_RAM2 = .)
                [!provide]                        PROVIDE (__end_data_RamAHB32 = .)

.uninit_RESERVED
                0x0000000010000000        0x0
                0x0000000010000000                _start_uninit_RESERVED = .
 *(.bss.$RESERVED*)
                0x0000000010000000                . = ALIGN (0x4)
                0x0000000010000000                _end_uninit_RESERVED = .

.data           0x0000000010000000       0x64 load address 0x0000000000001b14
 FILL mask 0xff
                0x0000000010000000                _data = .
                [!provide]                        PROVIDE (__start_data_RAM = .)
                [!provide]                        PROVIDE (__start_data_RamLoc32 = .)
 *(vtable)
 *(.ramfunc*)
 *(CodeQuickAccess)
 *(DataQuickAccess)
 *(RamFunction)
 *(.data*)
 .data.match0_levels
                0x0000000010000000       0x20 ./src/TP_FINAL.o
                0x0000000010000000                match0_levels
 .data.max_per_level
                0x0000000010000020       0x20 ./src/TP_FINAL.o
                0x0000000010000020                max_per_level
 .data.match1_per_level
                0x0000000010000040       0x20 ./src/TP_FINAL.o
                0x0000000010000040                match1_per_level
 .data.SystemCoreClock
                0x0000000010000060        0x4 /home/franco/Facultad/digital3/WORKSPACE/CMSISv2p00_LPC17xx/Debug/libCMSISv2p00_LPC17xx.a(system_LPC17xx.o)
                0x0000000010000060                SystemCoreClock
                0x0000000010000064                . = ALIGN (0x4)
                0x0000000010000064                _edata = .
                [!provide]                        PROVIDE (__end_data_RAM = .)
                [!provide]                        PROVIDE (__end_data_RamLoc32 = .)

.igot.plt       0x0000000010000064        0x0 load address 0x0000000000001b78
 .igot.plt      0x0000000010000064        0x0 ./src/TP_FINAL.o

.bss_RAM2       0x000000002007c000        0x0
                [!provide]                        PROVIDE (__start_bss_RAM2 = .)
                [!provide]                        PROVIDE (__start_bss_RamAHB32 = .)
 *(.bss.$RAM2)
 *(.bss.$RamAHB32)
 *(.bss.$RAM2.*)
 *(.bss.$RamAHB32.*)
                0x000000002007c000                . = ALIGN ((. != 0x0)?0x4:0x1)
                [!provide]                        PROVIDE (__end_bss_RAM2 = .)
                [!provide]                        PROVIDE (__end_bss_RamAHB32 = .)

.bss            0x0000000010000064      0x1fc
                0x0000000010000064                _bss = .
                [!provide]                        PROVIDE (__start_bss_RAM = .)
                [!provide]                        PROVIDE (__start_bss_RamLoc32 = .)
 *(.bss*)
 .bss.leds      0x0000000010000064        0x8 ./src/TP_FINAL.o
                0x0000000010000064                leds
 .bss.dir       0x000000001000006c        0x1 ./src/TP_FINAL.o
                0x000000001000006c                dir
 *fill*         0x000000001000006d        0x3 
 .bss.level     0x0000000010000070        0x4 ./src/TP_FINAL.o
                0x0000000010000070                level
 .bss.flag      0x0000000010000074        0x4 ./src/TP_FINAL.o
                0x0000000010000074                flag
 .bss.sonando   0x0000000010000078        0x4 ./src/TP_FINAL.o
                0x0000000010000078                sonando
 .bss.errno     0x000000001000007c        0x4 /usr/local/mcuxpresso-ide/ide/plugins/com.nxp.mcuxpresso.tools.linux_11.2.0.202001021529/tools/bin/../lib/gcc/arm-none-eabi/9.2.1/../../../../arm-none-eabi/lib/thumb/v7-m/nofp/libcr_c.a(errno.o)
                0x000000001000007c                errno
 .bss.__Ciob    0x0000000010000080      0x1e0 /usr/local/mcuxpresso-ide/ide/plugins/com.nxp.mcuxpresso.tools.linux_11.2.0.202001021529/tools/bin/../lib/gcc/arm-none-eabi/9.2.1/../../../../arm-none-eabi/lib/thumb/v7-m/nofp/libcr_semihost.a(__ciob.o)
                0x0000000010000080                __Ciob
 *(COMMON)
                0x0000000010000260                . = ALIGN (0x4)
                0x0000000010000260                _ebss = .
                [!provide]                        PROVIDE (__end_bss_RAM = .)
                [!provide]                        PROVIDE (__end_bss_RamLoc32 = .)
                [!provide]                        PROVIDE (end = .)

.noinit_RAM2    0x000000002007c000        0x0
                [!provide]                        PROVIDE (__start_noinit_RAM2 = .)
                [!provide]                        PROVIDE (__start_noinit_RamAHB32 = .)
 *(.noinit.$RAM2)
 *(.noinit.$RamAHB32)
 *(.noinit.$RAM2.*)
 *(.noinit.$RamAHB32.*)
                0x000000002007c000                . = ALIGN (0x4)
                [!provide]                        PROVIDE (__end_noinit_RAM2 = .)
                [!provide]                        PROVIDE (__end_noinit_RamAHB32 = .)

.noinit         0x0000000010000260        0x0
                0x0000000010000260                _noinit = .
                [!provide]                        PROVIDE (__start_noinit_RAM = .)
                [!provide]                        PROVIDE (__start_noinit_RamLoc32 = .)
 *(.noinit*)
                0x0000000010000260                . = ALIGN (0x4)
                0x0000000010000260                _end_noinit = .
                [!provide]                        PROVIDE (__end_noinit_RAM = .)
                [!provide]                        PROVIDE (__end_noinit_RamLoc32 = .)
                0x0000000010000260                PROVIDE (_pvHeapStart = DEFINED (__user_heap_base)?__user_heap_base:.)
                0x0000000010008000                PROVIDE (_vStackTop = DEFINED (__user_stack_top)?__user_stack_top:(__top_RamLoc32 - 0x0))
                0xffffffffefff74c6                PROVIDE (__valid_user_code_checksum = (0x0 - ((((((_vStackTop + (ResetISR + 0x1)) + (NMI_Handler + 0x1)) + (HardFault_Handler + 0x1)) + (DEFINED (MemManage_Handler)?MemManage_Handler:0x0 + 0x1)) + (DEFINED (BusFault_Handler)?BusFault_Handler:0x0 + 0x1)) + (DEFINED (UsageFault_Handler)?UsageFault_Handler:0x0 + 0x1))))
                0x0000000000000000                _image_start = LOADADDR (.text)
                0x0000000000001b78                _image_end = (LOADADDR (.data) + SIZEOF (.data))
                0x0000000000001b78                _image_size = (_image_end - _image_start)
OUTPUT(TP_FINAL.axf elf32-littlearm)

.debug_info     0x0000000000000000     0x4384
 .debug_info    0x0000000000000000     0x112c ./src/TP_FINAL.o
 .debug_info    0x000000000000112c      0x272 ./src/cr_startup_lpc175x_6x.o
 .debug_info    0x000000000000139e      0x37d /home/franco/Facultad/digital3/WORKSPACE/CMSISv2p00_LPC17xx/Debug/libCMSISv2p00_LPC17xx.a(system_LPC17xx.o)
 .debug_info    0x000000000000171b      0x5a3 /home/franco/Facultad/digital3/WORKSPACE/CMSISv2p00_LPC17xx/Debug/libCMSISv2p00_LPC17xx.a(lpc17xx_exti.o)
 .debug_info    0x0000000000001cbe      0x5a6 /home/franco/Facultad/digital3/WORKSPACE/CMSISv2p00_LPC17xx/Debug/libCMSISv2p00_LPC17xx.a(lpc17xx_pinsel.o)
 .debug_info    0x0000000000002264      0x979 /home/franco/Facultad/digital3/WORKSPACE/CMSISv2p00_LPC17xx/Debug/libCMSISv2p00_LPC17xx.a(lpc17xx_spi.o)
 .debug_info    0x0000000000002bdd      0x2db /home/franco/Facultad/digital3/WORKSPACE/CMSISv2p00_LPC17xx/Debug/libCMSISv2p00_LPC17xx.a(lpc17xx_systick.o)
 .debug_info    0x0000000000002eb8      0xca0 /home/franco/Facultad/digital3/WORKSPACE/CMSISv2p00_LPC17xx/Debug/libCMSISv2p00_LPC17xx.a(lpc17xx_timer.o)
 .debug_info    0x0000000000003b58      0x720 /home/franco/Facultad/digital3/WORKSPACE/CMSISv2p00_LPC17xx/Debug/libCMSISv2p00_LPC17xx.a(lpc17xx_clkpwr.o)
 .debug_info    0x0000000000004278      0x10c /home/franco/Facultad/digital3/WORKSPACE/CMSISv2p00_LPC17xx/Debug/libCMSISv2p00_LPC17xx.a(lpc17xx_libcfg_default.o)

.debug_abbrev   0x0000000000000000     0x13e8
 .debug_abbrev  0x0000000000000000      0x382 ./src/TP_FINAL.o
 .debug_abbrev  0x0000000000000382      0x117 ./src/cr_startup_lpc175x_6x.o
 .debug_abbrev  0x0000000000000499      0x11c /home/franco/Facultad/digital3/WORKSPACE/CMSISv2p00_LPC17xx/Debug/libCMSISv2p00_LPC17xx.a(system_LPC17xx.o)
 .debug_abbrev  0x00000000000005b5      0x1f7 /home/franco/Facultad/digital3/WORKSPACE/CMSISv2p00_LPC17xx/Debug/libCMSISv2p00_LPC17xx.a(lpc17xx_exti.o)
 .debug_abbrev  0x00000000000007ac      0x1eb /home/franco/Facultad/digital3/WORKSPACE/CMSISv2p00_LPC17xx/Debug/libCMSISv2p00_LPC17xx.a(lpc17xx_pinsel.o)
 .debug_abbrev  0x0000000000000997      0x2d7 /home/franco/Facultad/digital3/WORKSPACE/CMSISv2p00_LPC17xx/Debug/libCMSISv2p00_LPC17xx.a(lpc17xx_spi.o)
 .debug_abbrev  0x0000000000000c6e      0x1aa /home/franco/Facultad/digital3/WORKSPACE/CMSISv2p00_LPC17xx/Debug/libCMSISv2p00_LPC17xx.a(lpc17xx_systick.o)
 .debug_abbrev  0x0000000000000e18      0x307 /home/franco/Facultad/digital3/WORKSPACE/CMSISv2p00_LPC17xx/Debug/libCMSISv2p00_LPC17xx.a(lpc17xx_timer.o)
 .debug_abbrev  0x000000000000111f      0x219 /home/franco/Facultad/digital3/WORKSPACE/CMSISv2p00_LPC17xx/Debug/libCMSISv2p00_LPC17xx.a(lpc17xx_clkpwr.o)
 .debug_abbrev  0x0000000000001338       0xb0 /home/franco/Facultad/digital3/WORKSPACE/CMSISv2p00_LPC17xx/Debug/libCMSISv2p00_LPC17xx.a(lpc17xx_libcfg_default.o)

.debug_aranges  0x0000000000000000      0x3a0
 .debug_aranges
                0x0000000000000000       0xb8 ./src/TP_FINAL.o
 .debug_aranges
                0x00000000000000b8       0x80 ./src/cr_startup_lpc175x_6x.o
 .debug_aranges
                0x0000000000000138       0x28 /home/franco/Facultad/digital3/WORKSPACE/CMSISv2p00_LPC17xx/Debug/libCMSISv2p00_LPC17xx.a(system_LPC17xx.o)
 .debug_aranges
                0x0000000000000160       0x48 /home/franco/Facultad/digital3/WORKSPACE/CMSISv2p00_LPC17xx/Debug/libCMSISv2p00_LPC17xx.a(lpc17xx_exti.o)
 .debug_aranges
                0x00000000000001a8       0x30 /home/franco/Facultad/digital3/WORKSPACE/CMSISv2p00_LPC17xx/Debug/libCMSISv2p00_LPC17xx.a(lpc17xx_pinsel.o)
 .debug_aranges
                0x00000000000001d8       0x88 /home/franco/Facultad/digital3/WORKSPACE/CMSISv2p00_LPC17xx/Debug/libCMSISv2p00_LPC17xx.a(lpc17xx_spi.o)
 .debug_aranges
                0x0000000000000260       0x48 /home/franco/Facultad/digital3/WORKSPACE/CMSISv2p00_LPC17xx/Debug/libCMSISv2p00_LPC17xx.a(lpc17xx_systick.o)
 .debug_aranges
                0x00000000000002a8       0x80 /home/franco/Facultad/digital3/WORKSPACE/CMSISv2p00_LPC17xx/Debug/libCMSISv2p00_LPC17xx.a(lpc17xx_timer.o)
 .debug_aranges
                0x0000000000000328       0x58 /home/franco/Facultad/digital3/WORKSPACE/CMSISv2p00_LPC17xx/Debug/libCMSISv2p00_LPC17xx.a(lpc17xx_clkpwr.o)
 .debug_aranges
                0x0000000000000380       0x20 /home/franco/Facultad/digital3/WORKSPACE/CMSISv2p00_LPC17xx/Debug/libCMSISv2p00_LPC17xx.a(lpc17xx_libcfg_default.o)

.debug_ranges   0x0000000000000000      0x3b8
 .debug_ranges  0x0000000000000000       0xa8 ./src/TP_FINAL.o
 .debug_ranges  0x00000000000000a8       0x70 ./src/cr_startup_lpc175x_6x.o
 .debug_ranges  0x0000000000000118       0x18 /home/franco/Facultad/digital3/WORKSPACE/CMSISv2p00_LPC17xx/Debug/libCMSISv2p00_LPC17xx.a(system_LPC17xx.o)
 .debug_ranges  0x0000000000000130       0x38 /home/franco/Facultad/digital3/WORKSPACE/CMSISv2p00_LPC17xx/Debug/libCMSISv2p00_LPC17xx.a(lpc17xx_exti.o)
 .debug_ranges  0x0000000000000168       0x60 /home/franco/Facultad/digital3/WORKSPACE/CMSISv2p00_LPC17xx/Debug/libCMSISv2p00_LPC17xx.a(lpc17xx_pinsel.o)
 .debug_ranges  0x00000000000001c8       0x78 /home/franco/Facultad/digital3/WORKSPACE/CMSISv2p00_LPC17xx/Debug/libCMSISv2p00_LPC17xx.a(lpc17xx_spi.o)
 .debug_ranges  0x0000000000000240       0x38 /home/franco/Facultad/digital3/WORKSPACE/CMSISv2p00_LPC17xx/Debug/libCMSISv2p00_LPC17xx.a(lpc17xx_systick.o)
 .debug_ranges  0x0000000000000278       0xe8 /home/franco/Facultad/digital3/WORKSPACE/CMSISv2p00_LPC17xx/Debug/libCMSISv2p00_LPC17xx.a(lpc17xx_timer.o)
 .debug_ranges  0x0000000000000360       0x48 /home/franco/Facultad/digital3/WORKSPACE/CMSISv2p00_LPC17xx/Debug/libCMSISv2p00_LPC17xx.a(lpc17xx_clkpwr.o)
 .debug_ranges  0x00000000000003a8       0x10 /home/franco/Facultad/digital3/WORKSPACE/CMSISv2p00_LPC17xx/Debug/libCMSISv2p00_LPC17xx.a(lpc17xx_libcfg_default.o)

.debug_macro    0x0000000000000000     0x3e03
 .debug_macro   0x0000000000000000       0xd8 ./src/TP_FINAL.o
 .debug_macro   0x00000000000000d8      0xaae ./src/TP_FINAL.o
 .debug_macro   0x0000000000000b86       0x1c ./src/TP_FINAL.o
 .debug_macro   0x0000000000000ba2       0x2e ./src/TP_FINAL.o
 .debug_macro   0x0000000000000bd0       0x10 ./src/TP_FINAL.o
 .debug_macro   0x0000000000000be0      0x12e ./src/TP_FINAL.o
 .debug_macro   0x0000000000000d0e      0x5b3 ./src/TP_FINAL.o
 .debug_macro   0x00000000000012c1       0x18 ./src/TP_FINAL.o
 .debug_macro   0x00000000000012d9      0x7af ./src/TP_FINAL.o
 .debug_macro   0x0000000000001a88      0x2c7 ./src/TP_FINAL.o
 .debug_macro   0x0000000000001d4f       0x63 ./src/TP_FINAL.o
 .debug_macro   0x0000000000001db2       0x40 ./src/TP_FINAL.o
 .debug_macro   0x0000000000001df2      0x145 ./src/TP_FINAL.o
 .debug_macro   0x0000000000001f37       0x22 ./src/TP_FINAL.o
 .debug_macro   0x0000000000001f59      0x18e ./src/TP_FINAL.o
 .debug_macro   0x00000000000020e7       0xea ./src/TP_FINAL.o
 .debug_macro   0x00000000000021d1       0x4c ./src/TP_FINAL.o
 .debug_macro   0x000000000000221d       0x1d ./src/cr_startup_lpc175x_6x.o
 .debug_macro   0x000000000000223a      0x12b /home/franco/Facultad/digital3/WORKSPACE/CMSISv2p00_LPC17xx/Debug/libCMSISv2p00_LPC17xx.a(system_LPC17xx.o)
 .debug_macro   0x0000000000002365      0xaa8 /home/franco/Facultad/digital3/WORKSPACE/CMSISv2p00_LPC17xx/Debug/libCMSISv2p00_LPC17xx.a(system_LPC17xx.o)
 .debug_macro   0x0000000000002e0d       0x96 /home/franco/Facultad/digital3/WORKSPACE/CMSISv2p00_LPC17xx/Debug/libCMSISv2p00_LPC17xx.a(lpc17xx_exti.o)
 .debug_macro   0x0000000000002ea3       0x1c /home/franco/Facultad/digital3/WORKSPACE/CMSISv2p00_LPC17xx/Debug/libCMSISv2p00_LPC17xx.a(lpc17xx_exti.o)
 .debug_macro   0x0000000000002ebf       0xdd /home/franco/Facultad/digital3/WORKSPACE/CMSISv2p00_LPC17xx/Debug/libCMSISv2p00_LPC17xx.a(lpc17xx_exti.o)
 .debug_macro   0x0000000000002f9c       0x8d /home/franco/Facultad/digital3/WORKSPACE/CMSISv2p00_LPC17xx/Debug/libCMSISv2p00_LPC17xx.a(lpc17xx_pinsel.o)
 .debug_macro   0x0000000000003029      0x13f /home/franco/Facultad/digital3/WORKSPACE/CMSISv2p00_LPC17xx/Debug/libCMSISv2p00_LPC17xx.a(lpc17xx_pinsel.o)
 .debug_macro   0x0000000000003168       0x9f /home/franco/Facultad/digital3/WORKSPACE/CMSISv2p00_LPC17xx/Debug/libCMSISv2p00_LPC17xx.a(lpc17xx_spi.o)
 .debug_macro   0x0000000000003207      0x188 /home/franco/Facultad/digital3/WORKSPACE/CMSISv2p00_LPC17xx/Debug/libCMSISv2p00_LPC17xx.a(lpc17xx_spi.o)
 .debug_macro   0x000000000000338f      0x2f7 /home/franco/Facultad/digital3/WORKSPACE/CMSISv2p00_LPC17xx/Debug/libCMSISv2p00_LPC17xx.a(lpc17xx_spi.o)
 .debug_macro   0x0000000000003686       0x9f /home/franco/Facultad/digital3/WORKSPACE/CMSISv2p00_LPC17xx/Debug/libCMSISv2p00_LPC17xx.a(lpc17xx_systick.o)
 .debug_macro   0x0000000000003725       0x46 /home/franco/Facultad/digital3/WORKSPACE/CMSISv2p00_LPC17xx/Debug/libCMSISv2p00_LPC17xx.a(lpc17xx_systick.o)
 .debug_macro   0x000000000000376b       0xa8 /home/franco/Facultad/digital3/WORKSPACE/CMSISv2p00_LPC17xx/Debug/libCMSISv2p00_LPC17xx.a(lpc17xx_timer.o)
 .debug_macro   0x0000000000003813       0xe4 /home/franco/Facultad/digital3/WORKSPACE/CMSISv2p00_LPC17xx/Debug/libCMSISv2p00_LPC17xx.a(lpc17xx_timer.o)
 .debug_macro   0x00000000000038f7       0x8d /home/franco/Facultad/digital3/WORKSPACE/CMSISv2p00_LPC17xx/Debug/libCMSISv2p00_LPC17xx.a(lpc17xx_clkpwr.o)
 .debug_macro   0x0000000000003984      0x2f1 /home/franco/Facultad/digital3/WORKSPACE/CMSISv2p00_LPC17xx/Debug/libCMSISv2p00_LPC17xx.a(lpc17xx_clkpwr.o)
 .debug_macro   0x0000000000003c75       0x5a /home/franco/Facultad/digital3/WORKSPACE/CMSISv2p00_LPC17xx/Debug/libCMSISv2p00_LPC17xx.a(lpc17xx_libcfg_default.o)
 .debug_macro   0x0000000000003ccf       0x5d /home/franco/Facultad/digital3/WORKSPACE/CMSISv2p00_LPC17xx/Debug/libCMSISv2p00_LPC17xx.a(lpc17xx_libcfg_default.o)
 .debug_macro   0x0000000000003d2c       0xd7 /home/franco/Facultad/digital3/WORKSPACE/CMSISv2p00_LPC17xx/Debug/libCMSISv2p00_LPC17xx.a(lpc17xx_libcfg_default.o)

.debug_line     0x0000000000000000     0x2eff
 .debug_line    0x0000000000000000      0x7f5 ./src/TP_FINAL.o
 .debug_line    0x00000000000007f5      0x160 ./src/cr_startup_lpc175x_6x.o
 .debug_line    0x0000000000000955      0x422 /home/franco/Facultad/digital3/WORKSPACE/CMSISv2p00_LPC17xx/Debug/libCMSISv2p00_LPC17xx.a(system_LPC17xx.o)
 .debug_line    0x0000000000000d77      0x368 /home/franco/Facultad/digital3/WORKSPACE/CMSISv2p00_LPC17xx/Debug/libCMSISv2p00_LPC17xx.a(lpc17xx_exti.o)
 .debug_line    0x00000000000010df      0x35a /home/franco/Facultad/digital3/WORKSPACE/CMSISv2p00_LPC17xx/Debug/libCMSISv2p00_LPC17xx.a(lpc17xx_pinsel.o)
 .debug_line    0x0000000000001439      0x765 /home/franco/Facultad/digital3/WORKSPACE/CMSISv2p00_LPC17xx/Debug/libCMSISv2p00_LPC17xx.a(lpc17xx_spi.o)
 .debug_line    0x0000000000001b9e      0x3f5 /home/franco/Facultad/digital3/WORKSPACE/CMSISv2p00_LPC17xx/Debug/libCMSISv2p00_LPC17xx.a(lpc17xx_systick.o)
 .debug_line    0x0000000000001f93      0x920 /home/franco/Facultad/digital3/WORKSPACE/CMSISv2p00_LPC17xx/Debug/libCMSISv2p00_LPC17xx.a(lpc17xx_timer.o)
 .debug_line    0x00000000000028b3      0x449 /home/franco/Facultad/digital3/WORKSPACE/CMSISv2p00_LPC17xx/Debug/libCMSISv2p00_LPC17xx.a(lpc17xx_clkpwr.o)
 .debug_line    0x0000000000002cfc      0x203 /home/franco/Facultad/digital3/WORKSPACE/CMSISv2p00_LPC17xx/Debug/libCMSISv2p00_LPC17xx.a(lpc17xx_libcfg_default.o)

.debug_str      0x0000000000000000     0xce67
 .debug_str     0x0000000000000000     0xab25 ./src/TP_FINAL.o
                                       0xabcb (size before relaxing)
 .debug_str     0x000000000000ab25      0x1c6 ./src/cr_startup_lpc175x_6x.o
                                       0x2fef (size before relaxing)
 .debug_str     0x000000000000aceb      0x53f /home/franco/Facultad/digital3/WORKSPACE/CMSISv2p00_LPC17xx/Debug/libCMSISv2p00_LPC17xx.a(system_LPC17xx.o)
                                       0x8a06 (size before relaxing)
 .debug_str     0x000000000000b22a      0x1e8 /home/franco/Facultad/digital3/WORKSPACE/CMSISv2p00_LPC17xx/Debug/libCMSISv2p00_LPC17xx.a(lpc17xx_exti.o)
                                       0x8c3d (size before relaxing)
 .debug_str     0x000000000000b412      0x223 /home/franco/Facultad/digital3/WORKSPACE/CMSISv2p00_LPC17xx/Debug/libCMSISv2p00_LPC17xx.a(lpc17xx_pinsel.o)
                                       0x8e99 (size before relaxing)
 .debug_str     0x000000000000b635     0x13b2 /home/franco/Facultad/digital3/WORKSPACE/CMSISv2p00_LPC17xx/Debug/libCMSISv2p00_LPC17xx.a(lpc17xx_spi.o)
                                       0xa792 (size before relaxing)
 .debug_str     0x000000000000c9e7       0xcc /home/franco/Facultad/digital3/WORKSPACE/CMSISv2p00_LPC17xx/Debug/libCMSISv2p00_LPC17xx.a(lpc17xx_systick.o)
                                       0x9da1 (size before relaxing)
 .debug_str     0x000000000000cab3      0x2ee /home/franco/Facultad/digital3/WORKSPACE/CMSISv2p00_LPC17xx/Debug/libCMSISv2p00_LPC17xx.a(lpc17xx_timer.o)
                                       0xac35 (size before relaxing)
 .debug_str     0x000000000000cda1       0x99 /home/franco/Facultad/digital3/WORKSPACE/CMSISv2p00_LPC17xx/Debug/libCMSISv2p00_LPC17xx.a(lpc17xx_clkpwr.o)
                                       0x9c11 (size before relaxing)
 .debug_str     0x000000000000ce3a       0x2d /home/franco/Facultad/digital3/WORKSPACE/CMSISv2p00_LPC17xx/Debug/libCMSISv2p00_LPC17xx.a(lpc17xx_libcfg_default.o)
                                       0x4829 (size before relaxing)

.comment        0x0000000000000000       0x79
 .comment       0x0000000000000000       0x79 ./src/TP_FINAL.o
                                         0x7a (size before relaxing)
 .comment       0x0000000000000079       0x7a ./src/cr_startup_lpc175x_6x.o
 .comment       0x0000000000000079       0x7a /home/franco/Facultad/digital3/WORKSPACE/CMSISv2p00_LPC17xx/Debug/libCMSISv2p00_LPC17xx.a(system_LPC17xx.o)
 .comment       0x0000000000000079       0x7a /home/franco/Facultad/digital3/WORKSPACE/CMSISv2p00_LPC17xx/Debug/libCMSISv2p00_LPC17xx.a(lpc17xx_exti.o)
 .comment       0x0000000000000079       0x7a /home/franco/Facultad/digital3/WORKSPACE/CMSISv2p00_LPC17xx/Debug/libCMSISv2p00_LPC17xx.a(lpc17xx_pinsel.o)
 .comment       0x0000000000000079       0x7a /home/franco/Facultad/digital3/WORKSPACE/CMSISv2p00_LPC17xx/Debug/libCMSISv2p00_LPC17xx.a(lpc17xx_spi.o)
 .comment       0x0000000000000079       0x7a /home/franco/Facultad/digital3/WORKSPACE/CMSISv2p00_LPC17xx/Debug/libCMSISv2p00_LPC17xx.a(lpc17xx_systick.o)
 .comment       0x0000000000000079       0x7a /home/franco/Facultad/digital3/WORKSPACE/CMSISv2p00_LPC17xx/Debug/libCMSISv2p00_LPC17xx.a(lpc17xx_timer.o)
 .comment       0x0000000000000079       0x7a /home/franco/Facultad/digital3/WORKSPACE/CMSISv2p00_LPC17xx/Debug/libCMSISv2p00_LPC17xx.a(lpc17xx_clkpwr.o)
 .comment       0x0000000000000079       0x7a /home/franco/Facultad/digital3/WORKSPACE/CMSISv2p00_LPC17xx/Debug/libCMSISv2p00_LPC17xx.a(lpc17xx_libcfg_default.o)
 .comment       0x0000000000000079       0x7a /usr/local/mcuxpresso-ide/ide/plugins/com.nxp.mcuxpresso.tools.linux_11.2.0.202001021529/tools/bin/../lib/gcc/arm-none-eabi/9.2.1/../../../../arm-none-eabi/lib/thumb/v7-m/nofp/libcr_semihost.a(_cr__main.o)
 .comment       0x0000000000000079       0x7a /usr/local/mcuxpresso-ide/ide/plugins/com.nxp.mcuxpresso.tools.linux_11.2.0.202001021529/tools/bin/../lib/gcc/arm-none-eabi/9.2.1/../../../../arm-none-eabi/lib/thumb/v7-m/nofp/libcr_c.a(initio.o)
 .comment       0x0000000000000079       0x7a /usr/local/mcuxpresso-ide/ide/plugins/com.nxp.mcuxpresso.tools.linux_11.2.0.202001021529/tools/bin/../lib/gcc/arm-none-eabi/9.2.1/../../../../arm-none-eabi/lib/thumb/v7-m/nofp/libcr_c.a(setvbuf.o)
 .comment       0x0000000000000079       0x7a /usr/local/mcuxpresso-ide/ide/plugins/com.nxp.mcuxpresso.tools.linux_11.2.0.202001021529/tools/bin/../lib/gcc/arm-none-eabi/9.2.1/../../../../arm-none-eabi/lib/thumb/v7-m/nofp/libcr_c.a(_fdopen.o)
 .comment       0x0000000000000079       0x7a /usr/local/mcuxpresso-ide/ide/plugins/com.nxp.mcuxpresso.tools.linux_11.2.0.202001021529/tools/bin/../lib/gcc/arm-none-eabi/9.2.1/../../../../arm-none-eabi/lib/thumb/v7-m/nofp/libcr_c.a(fclose.o)
 .comment       0x0000000000000079       0x7a /usr/local/mcuxpresso-ide/ide/plugins/com.nxp.mcuxpresso.tools.linux_11.2.0.202001021529/tools/bin/../lib/gcc/arm-none-eabi/9.2.1/../../../../arm-none-eabi/lib/thumb/v7-m/nofp/libcr_c.a(fflush.o)
 .comment       0x0000000000000079       0x7a /usr/local/mcuxpresso-ide/ide/plugins/com.nxp.mcuxpresso.tools.linux_11.2.0.202001021529/tools/bin/../lib/gcc/arm-none-eabi/9.2.1/../../../../arm-none-eabi/lib/thumb/v7-m/nofp/libcr_c.a(fseek.o)
 .comment       0x0000000000000079       0x7a /usr/local/mcuxpresso-ide/ide/plugins/com.nxp.mcuxpresso.tools.linux_11.2.0.202001021529/tools/bin/../lib/gcc/arm-none-eabi/9.2.1/../../../../arm-none-eabi/lib/thumb/v7-m/nofp/libcr_c.a(ftell.o)
 .comment       0x0000000000000079       0x7a /usr/local/mcuxpresso-ide/ide/plugins/com.nxp.mcuxpresso.tools.linux_11.2.0.202001021529/tools/bin/../lib/gcc/arm-none-eabi/9.2.1/../../../../arm-none-eabi/lib/thumb/v7-m/nofp/libcr_c.a(remove.o)
 .comment       0x0000000000000079       0x7a /usr/local/mcuxpresso-ide/ide/plugins/com.nxp.mcuxpresso.tools.linux_11.2.0.202001021529/tools/bin/../lib/gcc/arm-none-eabi/9.2.1/../../../../arm-none-eabi/lib/thumb/v7-m/nofp/libcr_c.a(strlen.o)
 .comment       0x0000000000000079       0x7a /usr/local/mcuxpresso-ide/ide/plugins/com.nxp.mcuxpresso.tools.linux_11.2.0.202001021529/tools/bin/../lib/gcc/arm-none-eabi/9.2.1/../../../../arm-none-eabi/lib/thumb/v7-m/nofp/libcr_c.a(memset.o)
 .comment       0x0000000000000079       0x7a /usr/local/mcuxpresso-ide/ide/plugins/com.nxp.mcuxpresso.tools.linux_11.2.0.202001021529/tools/bin/../lib/gcc/arm-none-eabi/9.2.1/../../../../arm-none-eabi/lib/thumb/v7-m/nofp/libcr_c.a(_do_fflush.o)
 .comment       0x0000000000000079       0x7a /usr/local/mcuxpresso-ide/ide/plugins/com.nxp.mcuxpresso.tools.linux_11.2.0.202001021529/tools/bin/../lib/gcc/arm-none-eabi/9.2.1/../../../../arm-none-eabi/lib/thumb/v7-m/nofp/libcr_c.a(_fflush.o)
 .comment       0x0000000000000079       0x7a /usr/local/mcuxpresso-ide/ide/plugins/com.nxp.mcuxpresso.tools.linux_11.2.0.202001021529/tools/bin/../lib/gcc/arm-none-eabi/9.2.1/../../../../arm-none-eabi/lib/thumb/v7-m/nofp/libcr_c.a(_writebuf.o)
 .comment       0x0000000000000079       0x7a /usr/local/mcuxpresso-ide/ide/plugins/com.nxp.mcuxpresso.tools.linux_11.2.0.202001021529/tools/bin/../lib/gcc/arm-none-eabi/9.2.1/../../../../arm-none-eabi/lib/thumb/v7-m/nofp/libcr_c.a(alloc.o)
 .comment       0x0000000000000079       0x7a /usr/local/mcuxpresso-ide/ide/plugins/com.nxp.mcuxpresso.tools.linux_11.2.0.202001021529/tools/bin/../lib/gcc/arm-none-eabi/9.2.1/../../../../arm-none-eabi/lib/thumb/v7-m/nofp/libcr_c.a(errno.o)
 .comment       0x0000000000000079       0x7a /usr/local/mcuxpresso-ide/ide/plugins/com.nxp.mcuxpresso.tools.linux_11.2.0.202001021529/tools/bin/../lib/gcc/arm-none-eabi/9.2.1/../../../../arm-none-eabi/lib/thumb/v7-m/nofp/libcr_c.a(_deferredlazyseek.o)
 .comment       0x0000000000000079       0x7a /usr/local/mcuxpresso-ide/ide/plugins/com.nxp.mcuxpresso.tools.linux_11.2.0.202001021529/tools/bin/../lib/gcc/arm-none-eabi/9.2.1/thumb/v7-m/nofp/libcr_eabihelpers.a(float.o)
 .comment       0x0000000000000079       0x7a /usr/local/mcuxpresso-ide/ide/plugins/com.nxp.mcuxpresso.tools.linux_11.2.0.202001021529/tools/bin/../lib/gcc/arm-none-eabi/9.2.1/../../../../arm-none-eabi/lib/thumb/v7-m/nofp/libcr_semihost.a(__ciob.o)

.ARM.attributes
                0x0000000000000000       0x2b
 .ARM.attributes
                0x0000000000000000       0x2d ./src/TP_FINAL.o
 .ARM.attributes
                0x000000000000002d       0x2d ./src/cr_startup_lpc175x_6x.o
 .ARM.attributes
                0x000000000000005a       0x2d /home/franco/Facultad/digital3/WORKSPACE/CMSISv2p00_LPC17xx/Debug/libCMSISv2p00_LPC17xx.a(system_LPC17xx.o)
 .ARM.attributes
                0x0000000000000087       0x2d /home/franco/Facultad/digital3/WORKSPACE/CMSISv2p00_LPC17xx/Debug/libCMSISv2p00_LPC17xx.a(lpc17xx_exti.o)
 .ARM.attributes
                0x00000000000000b4       0x2d /home/franco/Facultad/digital3/WORKSPACE/CMSISv2p00_LPC17xx/Debug/libCMSISv2p00_LPC17xx.a(lpc17xx_pinsel.o)
 .ARM.attributes
                0x00000000000000e1       0x2d /home/franco/Facultad/digital3/WORKSPACE/CMSISv2p00_LPC17xx/Debug/libCMSISv2p00_LPC17xx.a(lpc17xx_spi.o)
 .ARM.attributes
                0x000000000000010e       0x2d /home/franco/Facultad/digital3/WORKSPACE/CMSISv2p00_LPC17xx/Debug/libCMSISv2p00_LPC17xx.a(lpc17xx_systick.o)
 .ARM.attributes
                0x000000000000013b       0x2d /home/franco/Facultad/digital3/WORKSPACE/CMSISv2p00_LPC17xx/Debug/libCMSISv2p00_LPC17xx.a(lpc17xx_timer.o)
 .ARM.attributes
                0x0000000000000168       0x2d /home/franco/Facultad/digital3/WORKSPACE/CMSISv2p00_LPC17xx/Debug/libCMSISv2p00_LPC17xx.a(lpc17xx_clkpwr.o)
 .ARM.attributes
                0x0000000000000195       0x2d /home/franco/Facultad/digital3/WORKSPACE/CMSISv2p00_LPC17xx/Debug/libCMSISv2p00_LPC17xx.a(lpc17xx_libcfg_default.o)
 .ARM.attributes
                0x00000000000001c2       0x2d /usr/local/mcuxpresso-ide/ide/plugins/com.nxp.mcuxpresso.tools.linux_11.2.0.202001021529/tools/bin/../lib/gcc/arm-none-eabi/9.2.1/../../../../arm-none-eabi/lib/thumb/v7-m/nofp/libcr_semihost.a(_cr__main.o)
 .ARM.attributes
                0x00000000000001ef       0x2d /usr/local/mcuxpresso-ide/ide/plugins/com.nxp.mcuxpresso.tools.linux_11.2.0.202001021529/tools/bin/../lib/gcc/arm-none-eabi/9.2.1/../../../../arm-none-eabi/lib/thumb/v7-m/nofp/libcr_c.a(initio.o)
 .ARM.attributes
                0x000000000000021c       0x2d /usr/local/mcuxpresso-ide/ide/plugins/com.nxp.mcuxpresso.tools.linux_11.2.0.202001021529/tools/bin/../lib/gcc/arm-none-eabi/9.2.1/../../../../arm-none-eabi/lib/thumb/v7-m/nofp/libcr_c.a(setvbuf.o)
 .ARM.attributes
                0x0000000000000249       0x2d /usr/local/mcuxpresso-ide/ide/plugins/com.nxp.mcuxpresso.tools.linux_11.2.0.202001021529/tools/bin/../lib/gcc/arm-none-eabi/9.2.1/../../../../arm-none-eabi/lib/thumb/v7-m/nofp/libcr_c.a(_fdopen.o)
 .ARM.attributes
                0x0000000000000276       0x2d /usr/local/mcuxpresso-ide/ide/plugins/com.nxp.mcuxpresso.tools.linux_11.2.0.202001021529/tools/bin/../lib/gcc/arm-none-eabi/9.2.1/../../../../arm-none-eabi/lib/thumb/v7-m/nofp/libcr_c.a(fclose.o)
 .ARM.attributes
                0x00000000000002a3       0x2d /usr/local/mcuxpresso-ide/ide/plugins/com.nxp.mcuxpresso.tools.linux_11.2.0.202001021529/tools/bin/../lib/gcc/arm-none-eabi/9.2.1/../../../../arm-none-eabi/lib/thumb/v7-m/nofp/libcr_c.a(fflush.o)
 .ARM.attributes
                0x00000000000002d0       0x2d /usr/local/mcuxpresso-ide/ide/plugins/com.nxp.mcuxpresso.tools.linux_11.2.0.202001021529/tools/bin/../lib/gcc/arm-none-eabi/9.2.1/../../../../arm-none-eabi/lib/thumb/v7-m/nofp/libcr_c.a(fseek.o)
 .ARM.attributes
                0x00000000000002fd       0x2d /usr/local/mcuxpresso-ide/ide/plugins/com.nxp.mcuxpresso.tools.linux_11.2.0.202001021529/tools/bin/../lib/gcc/arm-none-eabi/9.2.1/../../../../arm-none-eabi/lib/thumb/v7-m/nofp/libcr_c.a(ftell.o)
 .ARM.attributes
                0x000000000000032a       0x2d /usr/local/mcuxpresso-ide/ide/plugins/com.nxp.mcuxpresso.tools.linux_11.2.0.202001021529/tools/bin/../lib/gcc/arm-none-eabi/9.2.1/../../../../arm-none-eabi/lib/thumb/v7-m/nofp/libcr_c.a(remove.o)
 .ARM.attributes
                0x0000000000000357       0x2d /usr/local/mcuxpresso-ide/ide/plugins/com.nxp.mcuxpresso.tools.linux_11.2.0.202001021529/tools/bin/../lib/gcc/arm-none-eabi/9.2.1/../../../../arm-none-eabi/lib/thumb/v7-m/nofp/libcr_c.a(strlen.o)
 .ARM.attributes
                0x0000000000000384       0x2d /usr/local/mcuxpresso-ide/ide/plugins/com.nxp.mcuxpresso.tools.linux_11.2.0.202001021529/tools/bin/../lib/gcc/arm-none-eabi/9.2.1/../../../../arm-none-eabi/lib/thumb/v7-m/nofp/libcr_c.a(memset.o)
 .ARM.attributes
                0x00000000000003b1       0x2d /usr/local/mcuxpresso-ide/ide/plugins/com.nxp.mcuxpresso.tools.linux_11.2.0.202001021529/tools/bin/../lib/gcc/arm-none-eabi/9.2.1/../../../../arm-none-eabi/lib/thumb/v7-m/nofp/libcr_c.a(_do_fflush.o)
 .ARM.attributes
                0x00000000000003de       0x2d /usr/local/mcuxpresso-ide/ide/plugins/com.nxp.mcuxpresso.tools.linux_11.2.0.202001021529/tools/bin/../lib/gcc/arm-none-eabi/9.2.1/../../../../arm-none-eabi/lib/thumb/v7-m/nofp/libcr_c.a(_fflush.o)
 .ARM.attributes
                0x000000000000040b       0x2d /usr/local/mcuxpresso-ide/ide/plugins/com.nxp.mcuxpresso.tools.linux_11.2.0.202001021529/tools/bin/../lib/gcc/arm-none-eabi/9.2.1/../../../../arm-none-eabi/lib/thumb/v7-m/nofp/libcr_c.a(_writebuf.o)
 .ARM.attributes
                0x0000000000000438       0x2d /usr/local/mcuxpresso-ide/ide/plugins/com.nxp.mcuxpresso.tools.linux_11.2.0.202001021529/tools/bin/../lib/gcc/arm-none-eabi/9.2.1/../../../../arm-none-eabi/lib/thumb/v7-m/nofp/libcr_c.a(alloc.o)
 .ARM.attributes
                0x0000000000000465       0x33 /usr/local/mcuxpresso-ide/ide/plugins/com.nxp.mcuxpresso.tools.linux_11.2.0.202001021529/tools/bin/../lib/gcc/arm-none-eabi/9.2.1/../../../../arm-none-eabi/lib/thumb/v7-m/nofp/libcr_c.a(errno.o)
 .ARM.attributes
                0x0000000000000498       0x2d /usr/local/mcuxpresso-ide/ide/plugins/com.nxp.mcuxpresso.tools.linux_11.2.0.202001021529/tools/bin/../lib/gcc/arm-none-eabi/9.2.1/../../../../arm-none-eabi/lib/thumb/v7-m/nofp/libcr_c.a(_deferredlazyseek.o)
 .ARM.attributes
                0x00000000000004c5       0x1b /usr/local/mcuxpresso-ide/ide/plugins/com.nxp.mcuxpresso.tools.linux_11.2.0.202001021529/tools/bin/../lib/gcc/arm-none-eabi/9.2.1/thumb/v7-m/nofp/libcr_eabihelpers.a(division_64.o)
 .ARM.attributes
                0x00000000000004e0       0x1b /usr/local/mcuxpresso-ide/ide/plugins/com.nxp.mcuxpresso.tools.linux_11.2.0.202001021529/tools/bin/../lib/gcc/arm-none-eabi/9.2.1/thumb/v7-m/nofp/libcr_eabihelpers.a(division_idiv0.o)
 .ARM.attributes
                0x00000000000004fb       0x2d /usr/local/mcuxpresso-ide/ide/plugins/com.nxp.mcuxpresso.tools.linux_11.2.0.202001021529/tools/bin/../lib/gcc/arm-none-eabi/9.2.1/thumb/v7-m/nofp/libcr_eabihelpers.a(float.o)
 .ARM.attributes
                0x0000000000000528       0x1b /usr/local/mcuxpresso-ide/ide/plugins/com.nxp.mcuxpresso.tools.linux_11.2.0.202001021529/tools/bin/../lib/gcc/arm-none-eabi/9.2.1/thumb/v7-m/nofp/libcr_eabihelpers.a(memcpy.o)
 .ARM.attributes
                0x0000000000000543       0x33 /usr/local/mcuxpresso-ide/ide/plugins/com.nxp.mcuxpresso.tools.linux_11.2.0.202001021529/tools/bin/../lib/gcc/arm-none-eabi/9.2.1/../../../../arm-none-eabi/lib/thumb/v7-m/nofp/libcr_semihost.a(__ciob.o)
 .ARM.attributes
                0x0000000000000576       0x1b /usr/local/mcuxpresso-ide/ide/plugins/com.nxp.mcuxpresso.tools.linux_11.2.0.202001021529/tools/bin/../lib/gcc/arm-none-eabi/9.2.1/../../../../arm-none-eabi/lib/thumb/v7-m/nofp/libcr_semihost.a(__sys_close.o)
 .ARM.attributes
                0x0000000000000591       0x1b /usr/local/mcuxpresso-ide/ide/plugins/com.nxp.mcuxpresso.tools.linux_11.2.0.202001021529/tools/bin/../lib/gcc/arm-none-eabi/9.2.1/../../../../arm-none-eabi/lib/thumb/v7-m/nofp/libcr_semihost.a(__sys_flen.o)
 .ARM.attributes
                0x00000000000005ac       0x1b /usr/local/mcuxpresso-ide/ide/plugins/com.nxp.mcuxpresso.tools.linux_11.2.0.202001021529/tools/bin/../lib/gcc/arm-none-eabi/9.2.1/../../../../arm-none-eabi/lib/thumb/v7-m/nofp/libcr_semihost.a(__sys_istty.o)
 .ARM.attributes
                0x00000000000005c7       0x1b /usr/local/mcuxpresso-ide/ide/plugins/com.nxp.mcuxpresso.tools.linux_11.2.0.202001021529/tools/bin/../lib/gcc/arm-none-eabi/9.2.1/../../../../arm-none-eabi/lib/thumb/v7-m/nofp/libcr_semihost.a(__sys_remove.o)
 .ARM.attributes
                0x00000000000005e2       0x1b /usr/local/mcuxpresso-ide/ide/plugins/com.nxp.mcuxpresso.tools.linux_11.2.0.202001021529/tools/bin/../lib/gcc/arm-none-eabi/9.2.1/../../../../arm-none-eabi/lib/thumb/v7-m/nofp/libcr_semihost.a(__sys_seek.o)
 .ARM.attributes
                0x00000000000005fd       0x1b /usr/local/mcuxpresso-ide/ide/plugins/com.nxp.mcuxpresso.tools.linux_11.2.0.202001021529/tools/bin/../lib/gcc/arm-none-eabi/9.2.1/../../../../arm-none-eabi/lib/thumb/v7-m/nofp/libcr_semihost.a(__sys_tmpnam.o)
 .ARM.attributes
                0x0000000000000618       0x1b /usr/local/mcuxpresso-ide/ide/plugins/com.nxp.mcuxpresso.tools.linux_11.2.0.202001021529/tools/bin/../lib/gcc/arm-none-eabi/9.2.1/../../../../arm-none-eabi/lib/thumb/v7-m/nofp/libcr_semihost.a(__sys_write.o)

.debug_frame    0x0000000000000000      0x98c
 .debug_frame   0x0000000000000000      0x2d4 ./src/TP_FINAL.o
 .debug_frame   0x00000000000002d4      0x170 ./src/cr_startup_lpc175x_6x.o
 .debug_frame   0x0000000000000444       0x3c /home/franco/Facultad/digital3/WORKSPACE/CMSISv2p00_LPC17xx/Debug/libCMSISv2p00_LPC17xx.a(system_LPC17xx.o)
 .debug_frame   0x0000000000000480       0x7c /home/franco/Facultad/digital3/WORKSPACE/CMSISv2p00_LPC17xx/Debug/libCMSISv2p00_LPC17xx.a(lpc17xx_exti.o)
 .debug_frame   0x00000000000004fc       0x50 /home/franco/Facultad/digital3/WORKSPACE/CMSISv2p00_LPC17xx/Debug/libCMSISv2p00_LPC17xx.a(lpc17xx_pinsel.o)
 .debug_frame   0x000000000000054c      0x174 /home/franco/Facultad/digital3/WORKSPACE/CMSISv2p00_LPC17xx/Debug/libCMSISv2p00_LPC17xx.a(lpc17xx_spi.o)
 .debug_frame   0x00000000000006c0       0x98 /home/franco/Facultad/digital3/WORKSPACE/CMSISv2p00_LPC17xx/Debug/libCMSISv2p00_LPC17xx.a(lpc17xx_systick.o)
 .debug_frame   0x0000000000000758      0x174 /home/franco/Facultad/digital3/WORKSPACE/CMSISv2p00_LPC17xx/Debug/libCMSISv2p00_LPC17xx.a(lpc17xx_timer.o)
 .debug_frame   0x00000000000008cc       0xa0 /home/franco/Facultad/digital3/WORKSPACE/CMSISv2p00_LPC17xx/Debug/libCMSISv2p00_LPC17xx.a(lpc17xx_clkpwr.o)
 .debug_frame   0x000000000000096c       0x20 /home/franco/Facultad/digital3/WORKSPACE/CMSISv2p00_LPC17xx/Debug/libCMSISv2p00_LPC17xx.a(lpc17xx_libcfg_default.o)

.debug_loc      0x0000000000000000     0x147a
 .debug_loc     0x0000000000000000      0x10c /home/franco/Facultad/digital3/WORKSPACE/CMSISv2p00_LPC17xx/Debug/libCMSISv2p00_LPC17xx.a(lpc17xx_exti.o)
 .debug_loc     0x000000000000010c      0x1a1 /home/franco/Facultad/digital3/WORKSPACE/CMSISv2p00_LPC17xx/Debug/libCMSISv2p00_LPC17xx.a(lpc17xx_pinsel.o)
 .debug_loc     0x00000000000002ad      0x73e /home/franco/Facultad/digital3/WORKSPACE/CMSISv2p00_LPC17xx/Debug/libCMSISv2p00_LPC17xx.a(lpc17xx_spi.o)
 .debug_loc     0x00000000000009eb      0x1a1 /home/franco/Facultad/digital3/WORKSPACE/CMSISv2p00_LPC17xx/Debug/libCMSISv2p00_LPC17xx.a(lpc17xx_systick.o)
 .debug_loc     0x0000000000000b8c      0x6ca /home/franco/Facultad/digital3/WORKSPACE/CMSISv2p00_LPC17xx/Debug/libCMSISv2p00_LPC17xx.a(lpc17xx_timer.o)
 .debug_loc     0x0000000000001256      0x1fa /home/franco/Facultad/digital3/WORKSPACE/CMSISv2p00_LPC17xx/Debug/libCMSISv2p00_LPC17xx.a(lpc17xx_clkpwr.o)
 .debug_loc     0x0000000000001450       0x2a /home/franco/Facultad/digital3/WORKSPACE/CMSISv2p00_LPC17xx/Debug/libCMSISv2p00_LPC17xx.a(lpc17xx_libcfg_default.o)

Cross Reference Table

Symbol                                            File
ADC_IRQHandler                                    ./src/cr_startup_lpc175x_6x.o
BOD_IRQHandler                                    ./src/cr_startup_lpc175x_6x.o
BusFault_Handler                                  ./src/cr_startup_lpc175x_6x.o
CANActivity_IRQHandler                            ./src/cr_startup_lpc175x_6x.o
CAN_IRQHandler                                    ./src/cr_startup_lpc175x_6x.o
CLKPWR_ConfigPPWR                                 /home/franco/Facultad/digital3/WORKSPACE/CMSISv2p00_LPC17xx/Debug/libCMSISv2p00_LPC17xx.a(lpc17xx_clkpwr.o)
                                                  /home/franco/Facultad/digital3/WORKSPACE/CMSISv2p00_LPC17xx/Debug/libCMSISv2p00_LPC17xx.a(lpc17xx_timer.o)
                                                  /home/franco/Facultad/digital3/WORKSPACE/CMSISv2p00_LPC17xx/Debug/libCMSISv2p00_LPC17xx.a(lpc17xx_spi.o)
CLKPWR_DeepPowerDown                              /home/franco/Facultad/digital3/WORKSPACE/CMSISv2p00_LPC17xx/Debug/libCMSISv2p00_LPC17xx.a(lpc17xx_clkpwr.o)
CLKPWR_DeepSleep                                  /home/franco/Facultad/digital3/WORKSPACE/CMSISv2p00_LPC17xx/Debug/libCMSISv2p00_LPC17xx.a(lpc17xx_clkpwr.o)
CLKPWR_GetPCLK                                    /home/franco/Facultad/digital3/WORKSPACE/CMSISv2p00_LPC17xx/Debug/libCMSISv2p00_LPC17xx.a(lpc17xx_clkpwr.o)
                                                  /home/franco/Facultad/digital3/WORKSPACE/CMSISv2p00_LPC17xx/Debug/libCMSISv2p00_LPC17xx.a(lpc17xx_timer.o)
                                                  /home/franco/Facultad/digital3/WORKSPACE/CMSISv2p00_LPC17xx/Debug/libCMSISv2p00_LPC17xx.a(lpc17xx_spi.o)
CLKPWR_GetPCLKSEL                                 /home/franco/Facultad/digital3/WORKSPACE/CMSISv2p00_LPC17xx/Debug/libCMSISv2p00_LPC17xx.a(lpc17xx_clkpwr.o)
CLKPWR_PowerDown                                  /home/franco/Facultad/digital3/WORKSPACE/CMSISv2p00_LPC17xx/Debug/libCMSISv2p00_LPC17xx.a(lpc17xx_clkpwr.o)
CLKPWR_SetPCLKDiv                                 /home/franco/Facultad/digital3/WORKSPACE/CMSISv2p00_LPC17xx/Debug/libCMSISv2p00_LPC17xx.a(lpc17xx_clkpwr.o)
                                                  /home/franco/Facultad/digital3/WORKSPACE/CMSISv2p00_LPC17xx/Debug/libCMSISv2p00_LPC17xx.a(lpc17xx_timer.o)
CLKPWR_Sleep                                      /home/franco/Facultad/digital3/WORKSPACE/CMSISv2p00_LPC17xx/Debug/libCMSISv2p00_LPC17xx.a(lpc17xx_clkpwr.o)
CRP_WORD                                          ./src/crp.o
DMA_IRQHandler                                    ./src/cr_startup_lpc175x_6x.o
DebugMon_Handler                                  ./src/cr_startup_lpc175x_6x.o
EINT0_IRQHandler                                  ./src/TP_FINAL.o
EINT1_IRQHandler                                  ./src/cr_startup_lpc175x_6x.o
EINT2_IRQHandler                                  ./src/cr_startup_lpc175x_6x.o
EINT3_IRQHandler                                  ./src/cr_startup_lpc175x_6x.o
ENET_IRQHandler                                   ./src/cr_startup_lpc175x_6x.o
EXTI_ClearEXTIFlag                                /home/franco/Facultad/digital3/WORKSPACE/CMSISv2p00_LPC17xx/Debug/libCMSISv2p00_LPC17xx.a(lpc17xx_exti.o)
                                                  ./src/TP_FINAL.o
EXTI_Config                                       /home/franco/Facultad/digital3/WORKSPACE/CMSISv2p00_LPC17xx/Debug/libCMSISv2p00_LPC17xx.a(lpc17xx_exti.o)
                                                  ./src/TP_FINAL.o
EXTI_DeInit                                       /home/franco/Facultad/digital3/WORKSPACE/CMSISv2p00_LPC17xx/Debug/libCMSISv2p00_LPC17xx.a(lpc17xx_exti.o)
EXTI_Init                                         /home/franco/Facultad/digital3/WORKSPACE/CMSISv2p00_LPC17xx/Debug/libCMSISv2p00_LPC17xx.a(lpc17xx_exti.o)
EXTI_SetMode                                      /home/franco/Facultad/digital3/WORKSPACE/CMSISv2p00_LPC17xx/Debug/libCMSISv2p00_LPC17xx.a(lpc17xx_exti.o)
EXTI_SetPolarity                                  /home/franco/Facultad/digital3/WORKSPACE/CMSISv2p00_LPC17xx/Debug/libCMSISv2p00_LPC17xx.a(lpc17xx_exti.o)
HardFault_Handler                                 ./src/cr_startup_lpc175x_6x.o
I2C0_IRQHandler                                   ./src/cr_startup_lpc175x_6x.o
I2C1_IRQHandler                                   ./src/cr_startup_lpc175x_6x.o
I2C2_IRQHandler                                   ./src/cr_startup_lpc175x_6x.o
I2S_IRQHandler                                    ./src/cr_startup_lpc175x_6x.o
IntDefaultHandler                                 ./src/cr_startup_lpc175x_6x.o
MCPWM_IRQHandler                                  ./src/cr_startup_lpc175x_6x.o
MemManage_Handler                                 ./src/cr_startup_lpc175x_6x.o
NMI_Handler                                       ./src/cr_startup_lpc175x_6x.o
PINSEL_ConfigPin                                  /home/franco/Facultad/digital3/WORKSPACE/CMSISv2p00_LPC17xx/Debug/libCMSISv2p00_LPC17xx.a(lpc17xx_pinsel.o)
                                                  ./src/TP_FINAL.o
PINSEL_ConfigTraceFunc                            /home/franco/Facultad/digital3/WORKSPACE/CMSISv2p00_LPC17xx/Debug/libCMSISv2p00_LPC17xx.a(lpc17xx_pinsel.o)
PINSEL_SetI2C0Pins                                /home/franco/Facultad/digital3/WORKSPACE/CMSISv2p00_LPC17xx/Debug/libCMSISv2p00_LPC17xx.a(lpc17xx_pinsel.o)
PLL0_IRQHandler                                   ./src/cr_startup_lpc175x_6x.o
PLL1_IRQHandler                                   ./src/cr_startup_lpc175x_6x.o
PWM1_IRQHandler                                   ./src/cr_startup_lpc175x_6x.o
PendSV_Handler                                    ./src/cr_startup_lpc175x_6x.o
QEI_IRQHandler                                    ./src/cr_startup_lpc175x_6x.o
RIT_IRQHandler                                    ./src/cr_startup_lpc175x_6x.o
RTC_IRQHandler                                    ./src/cr_startup_lpc175x_6x.o
ResetISR                                          ./src/cr_startup_lpc175x_6x.o
SPI_CheckStatus                                   /home/franco/Facultad/digital3/WORKSPACE/CMSISv2p00_LPC17xx/Debug/libCMSISv2p00_LPC17xx.a(lpc17xx_spi.o)
SPI_ClearIntPending                               /home/franco/Facultad/digital3/WORKSPACE/CMSISv2p00_LPC17xx/Debug/libCMSISv2p00_LPC17xx.a(lpc17xx_spi.o)
SPI_ConfigStructInit                              /home/franco/Facultad/digital3/WORKSPACE/CMSISv2p00_LPC17xx/Debug/libCMSISv2p00_LPC17xx.a(lpc17xx_spi.o)
SPI_DeInit                                        /home/franco/Facultad/digital3/WORKSPACE/CMSISv2p00_LPC17xx/Debug/libCMSISv2p00_LPC17xx.a(lpc17xx_spi.o)
SPI_GetDataSize                                   /home/franco/Facultad/digital3/WORKSPACE/CMSISv2p00_LPC17xx/Debug/libCMSISv2p00_LPC17xx.a(lpc17xx_spi.o)
SPI_GetIntStatus                                  /home/franco/Facultad/digital3/WORKSPACE/CMSISv2p00_LPC17xx/Debug/libCMSISv2p00_LPC17xx.a(lpc17xx_spi.o)
SPI_GetStatus                                     /home/franco/Facultad/digital3/WORKSPACE/CMSISv2p00_LPC17xx/Debug/libCMSISv2p00_LPC17xx.a(lpc17xx_spi.o)
SPI_IRQHandler                                    ./src/cr_startup_lpc175x_6x.o
SPI_Init                                          /home/franco/Facultad/digital3/WORKSPACE/CMSISv2p00_LPC17xx/Debug/libCMSISv2p00_LPC17xx.a(lpc17xx_spi.o)
                                                  ./src/TP_FINAL.o
SPI_IntCmd                                        /home/franco/Facultad/digital3/WORKSPACE/CMSISv2p00_LPC17xx/Debug/libCMSISv2p00_LPC17xx.a(lpc17xx_spi.o)
SPI_ReadWrite                                     /home/franco/Facultad/digital3/WORKSPACE/CMSISv2p00_LPC17xx/Debug/libCMSISv2p00_LPC17xx.a(lpc17xx_spi.o)
                                                  ./src/TP_FINAL.o
SPI_ReceiveData                                   /home/franco/Facultad/digital3/WORKSPACE/CMSISv2p00_LPC17xx/Debug/libCMSISv2p00_LPC17xx.a(lpc17xx_spi.o)
SPI_SendData                                      /home/franco/Facultad/digital3/WORKSPACE/CMSISv2p00_LPC17xx/Debug/libCMSISv2p00_LPC17xx.a(lpc17xx_spi.o)
SPI_SetClock                                      /home/franco/Facultad/digital3/WORKSPACE/CMSISv2p00_LPC17xx/Debug/libCMSISv2p00_LPC17xx.a(lpc17xx_spi.o)
SSP0_IRQHandler                                   ./src/cr_startup_lpc175x_6x.o
SSP1_IRQHandler                                   ./src/cr_startup_lpc175x_6x.o
SVC_Handler                                       ./src/cr_startup_lpc175x_6x.o
SYSTICK_ClearCounterFlag                          /home/franco/Facultad/digital3/WORKSPACE/CMSISv2p00_LPC17xx/Debug/libCMSISv2p00_LPC17xx.a(lpc17xx_systick.o)
                                                  ./src/TP_FINAL.o
SYSTICK_Cmd                                       /home/franco/Facultad/digital3/WORKSPACE/CMSISv2p00_LPC17xx/Debug/libCMSISv2p00_LPC17xx.a(lpc17xx_systick.o)
                                                  ./src/TP_FINAL.o
SYSTICK_ExternalInit                              /home/franco/Facultad/digital3/WORKSPACE/CMSISv2p00_LPC17xx/Debug/libCMSISv2p00_LPC17xx.a(lpc17xx_systick.o)
SYSTICK_GetCurrentValue                           /home/franco/Facultad/digital3/WORKSPACE/CMSISv2p00_LPC17xx/Debug/libCMSISv2p00_LPC17xx.a(lpc17xx_systick.o)
SYSTICK_IntCmd                                    /home/franco/Facultad/digital3/WORKSPACE/CMSISv2p00_LPC17xx/Debug/libCMSISv2p00_LPC17xx.a(lpc17xx_systick.o)
                                                  ./src/TP_FINAL.o
SYSTICK_InternalInit                              /home/franco/Facultad/digital3/WORKSPACE/CMSISv2p00_LPC17xx/Debug/libCMSISv2p00_LPC17xx.a(lpc17xx_systick.o)
                                                  ./src/TP_FINAL.o
SysTick_Handler                                   ./src/TP_FINAL.o
SystemCoreClock                                   /home/franco/Facultad/digital3/WORKSPACE/CMSISv2p00_LPC17xx/Debug/libCMSISv2p00_LPC17xx.a(system_LPC17xx.o)
                                                  /home/franco/Facultad/digital3/WORKSPACE/CMSISv2p00_LPC17xx/Debug/libCMSISv2p00_LPC17xx.a(lpc17xx_clkpwr.o)
                                                  /home/franco/Facultad/digital3/WORKSPACE/CMSISv2p00_LPC17xx/Debug/libCMSISv2p00_LPC17xx.a(lpc17xx_systick.o)
SystemCoreClockUpdate                             /home/franco/Facultad/digital3/WORKSPACE/CMSISv2p00_LPC17xx/Debug/libCMSISv2p00_LPC17xx.a(system_LPC17xx.o)
SystemInit                                        /home/franco/Facultad/digital3/WORKSPACE/CMSISv2p00_LPC17xx/Debug/libCMSISv2p00_LPC17xx.a(system_LPC17xx.o)
                                                  ./src/cr_startup_lpc175x_6x.o
                                                  ./src/TP_FINAL.o
TIMER0_IRQHandler                                 ./src/TP_FINAL.o
TIMER1_IRQHandler                                 ./src/cr_startup_lpc175x_6x.o
TIMER2_IRQHandler                                 ./src/cr_startup_lpc175x_6x.o
TIMER3_IRQHandler                                 ./src/cr_startup_lpc175x_6x.o
TIM_ClearIntCapturePending                        /home/franco/Facultad/digital3/WORKSPACE/CMSISv2p00_LPC17xx/Debug/libCMSISv2p00_LPC17xx.a(lpc17xx_timer.o)
TIM_ClearIntPending                               /home/franco/Facultad/digital3/WORKSPACE/CMSISv2p00_LPC17xx/Debug/libCMSISv2p00_LPC17xx.a(lpc17xx_timer.o)
                                                  ./src/TP_FINAL.o
TIM_Cmd                                           /home/franco/Facultad/digital3/WORKSPACE/CMSISv2p00_LPC17xx/Debug/libCMSISv2p00_LPC17xx.a(lpc17xx_timer.o)
                                                  ./src/TP_FINAL.o
TIM_ConfigCapture                                 /home/franco/Facultad/digital3/WORKSPACE/CMSISv2p00_LPC17xx/Debug/libCMSISv2p00_LPC17xx.a(lpc17xx_timer.o)
TIM_ConfigMatch                                   /home/franco/Facultad/digital3/WORKSPACE/CMSISv2p00_LPC17xx/Debug/libCMSISv2p00_LPC17xx.a(lpc17xx_timer.o)
                                                  ./src/TP_FINAL.o
TIM_ConfigStructInit                              /home/franco/Facultad/digital3/WORKSPACE/CMSISv2p00_LPC17xx/Debug/libCMSISv2p00_LPC17xx.a(lpc17xx_timer.o)
TIM_DeInit                                        /home/franco/Facultad/digital3/WORKSPACE/CMSISv2p00_LPC17xx/Debug/libCMSISv2p00_LPC17xx.a(lpc17xx_timer.o)
TIM_GetCaptureValue                               /home/franco/Facultad/digital3/WORKSPACE/CMSISv2p00_LPC17xx/Debug/libCMSISv2p00_LPC17xx.a(lpc17xx_timer.o)
TIM_GetIntCaptureStatus                           /home/franco/Facultad/digital3/WORKSPACE/CMSISv2p00_LPC17xx/Debug/libCMSISv2p00_LPC17xx.a(lpc17xx_timer.o)
TIM_GetIntStatus                                  /home/franco/Facultad/digital3/WORKSPACE/CMSISv2p00_LPC17xx/Debug/libCMSISv2p00_LPC17xx.a(lpc17xx_timer.o)
TIM_Init                                          /home/franco/Facultad/digital3/WORKSPACE/CMSISv2p00_LPC17xx/Debug/libCMSISv2p00_LPC17xx.a(lpc17xx_timer.o)
                                                  ./src/TP_FINAL.o
TIM_ResetCounter                                  /home/franco/Facultad/digital3/WORKSPACE/CMSISv2p00_LPC17xx/Debug/libCMSISv2p00_LPC17xx.a(lpc17xx_timer.o)
                                                  ./src/TP_FINAL.o
TIM_UpdateMatchValue                              /home/franco/Facultad/digital3/WORKSPACE/CMSISv2p00_LPC17xx/Debug/libCMSISv2p00_LPC17xx.a(lpc17xx_timer.o)
UART0_IRQHandler                                  ./src/cr_startup_lpc175x_6x.o
UART1_IRQHandler                                  ./src/cr_startup_lpc175x_6x.o
UART2_IRQHandler                                  ./src/cr_startup_lpc175x_6x.o
UART3_IRQHandler                                  ./src/cr_startup_lpc175x_6x.o
USBActivity_IRQHandler                            ./src/cr_startup_lpc175x_6x.o
USB_IRQHandler                                    ./src/cr_startup_lpc175x_6x.o
UsageFault_Handler                                ./src/cr_startup_lpc175x_6x.o
WDT_IRQHandler                                    ./src/cr_startup_lpc175x_6x.o
_Csys_alloc                                       /usr/local/mcuxpresso-ide/ide/plugins/com.nxp.mcuxpresso.tools.linux_11.2.0.202001021529/tools/bin/../lib/gcc/arm-none-eabi/9.2.1/../../../../arm-none-eabi/lib/thumb/v7-m/nofp/libcr_c.a(alloc.o)
                                                  /usr/local/mcuxpresso-ide/ide/plugins/com.nxp.mcuxpresso.tools.linux_11.2.0.202001021529/tools/bin/../lib/gcc/arm-none-eabi/9.2.1/../../../../arm-none-eabi/lib/thumb/v7-m/nofp/libcr_c.a(_deferredlazyseek.o)
_Cwritebuf                                        /usr/local/mcuxpresso-ide/ide/plugins/com.nxp.mcuxpresso.tools.linux_11.2.0.202001021529/tools/bin/../lib/gcc/arm-none-eabi/9.2.1/../../../../arm-none-eabi/lib/thumb/v7-m/nofp/libcr_c.a(_writebuf.o)
                                                  /usr/local/mcuxpresso-ide/ide/plugins/com.nxp.mcuxpresso.tools.linux_11.2.0.202001021529/tools/bin/../lib/gcc/arm-none-eabi/9.2.1/../../../../arm-none-eabi/lib/thumb/v7-m/nofp/libcr_c.a(_deferredlazyseek.o)
                                                  /usr/local/mcuxpresso-ide/ide/plugins/com.nxp.mcuxpresso.tools.linux_11.2.0.202001021529/tools/bin/../lib/gcc/arm-none-eabi/9.2.1/../../../../arm-none-eabi/lib/thumb/v7-m/nofp/libcr_c.a(_fflush.o)
__CR_SEMIHOST                                     /usr/local/mcuxpresso-ide/ide/plugins/com.nxp.mcuxpresso.tools.linux_11.2.0.202001021529/tools/bin/../lib/gcc/arm-none-eabi/9.2.1/../../../../arm-none-eabi/lib/thumb/v7-m/nofp/libcr_semihost.a(_cr__main.o)
__Ciob                                            /usr/local/mcuxpresso-ide/ide/plugins/com.nxp.mcuxpresso.tools.linux_11.2.0.202001021529/tools/bin/../lib/gcc/arm-none-eabi/9.2.1/../../../../arm-none-eabi/lib/thumb/v7-m/nofp/libcr_semihost.a(__ciob.o)
                                                  /usr/local/mcuxpresso-ide/ide/plugins/com.nxp.mcuxpresso.tools.linux_11.2.0.202001021529/tools/bin/../lib/gcc/arm-none-eabi/9.2.1/../../../../arm-none-eabi/lib/thumb/v7-m/nofp/libcr_c.a(fflush.o)
                                                  /usr/local/mcuxpresso-ide/ide/plugins/com.nxp.mcuxpresso.tools.linux_11.2.0.202001021529/tools/bin/../lib/gcc/arm-none-eabi/9.2.1/../../../../arm-none-eabi/lib/thumb/v7-m/nofp/libcr_c.a(initio.o)
__aeabi_cfcmpeq                                   /usr/local/mcuxpresso-ide/ide/plugins/com.nxp.mcuxpresso.tools.linux_11.2.0.202001021529/tools/bin/../lib/gcc/arm-none-eabi/9.2.1/thumb/v7-m/nofp/libcr_eabihelpers.a(float.o)
__aeabi_cfcmple                                   /usr/local/mcuxpresso-ide/ide/plugins/com.nxp.mcuxpresso.tools.linux_11.2.0.202001021529/tools/bin/../lib/gcc/arm-none-eabi/9.2.1/thumb/v7-m/nofp/libcr_eabihelpers.a(float.o)
__aeabi_cfrcmple                                  /usr/local/mcuxpresso-ide/ide/plugins/com.nxp.mcuxpresso.tools.linux_11.2.0.202001021529/tools/bin/../lib/gcc/arm-none-eabi/9.2.1/thumb/v7-m/nofp/libcr_eabihelpers.a(float.o)
__aeabi_f2d                                       /usr/local/mcuxpresso-ide/ide/plugins/com.nxp.mcuxpresso.tools.linux_11.2.0.202001021529/tools/bin/../lib/gcc/arm-none-eabi/9.2.1/thumb/v7-m/nofp/libcr_eabihelpers.a(float.o)
__aeabi_f2iz                                      /usr/local/mcuxpresso-ide/ide/plugins/com.nxp.mcuxpresso.tools.linux_11.2.0.202001021529/tools/bin/../lib/gcc/arm-none-eabi/9.2.1/thumb/v7-m/nofp/libcr_eabihelpers.a(float.o)
__aeabi_f2lz                                      /usr/local/mcuxpresso-ide/ide/plugins/com.nxp.mcuxpresso.tools.linux_11.2.0.202001021529/tools/bin/../lib/gcc/arm-none-eabi/9.2.1/thumb/v7-m/nofp/libcr_eabihelpers.a(float.o)
__aeabi_f2uiz                                     /usr/local/mcuxpresso-ide/ide/plugins/com.nxp.mcuxpresso.tools.linux_11.2.0.202001021529/tools/bin/../lib/gcc/arm-none-eabi/9.2.1/thumb/v7-m/nofp/libcr_eabihelpers.a(float.o)
__aeabi_f2ulz                                     /usr/local/mcuxpresso-ide/ide/plugins/com.nxp.mcuxpresso.tools.linux_11.2.0.202001021529/tools/bin/../lib/gcc/arm-none-eabi/9.2.1/thumb/v7-m/nofp/libcr_eabihelpers.a(float.o)
__aeabi_fadd                                      /usr/local/mcuxpresso-ide/ide/plugins/com.nxp.mcuxpresso.tools.linux_11.2.0.202001021529/tools/bin/../lib/gcc/arm-none-eabi/9.2.1/thumb/v7-m/nofp/libcr_eabihelpers.a(float.o)
__aeabi_fcmpeq                                    /usr/local/mcuxpresso-ide/ide/plugins/com.nxp.mcuxpresso.tools.linux_11.2.0.202001021529/tools/bin/../lib/gcc/arm-none-eabi/9.2.1/thumb/v7-m/nofp/libcr_eabihelpers.a(float.o)
__aeabi_fcmpge                                    /usr/local/mcuxpresso-ide/ide/plugins/com.nxp.mcuxpresso.tools.linux_11.2.0.202001021529/tools/bin/../lib/gcc/arm-none-eabi/9.2.1/thumb/v7-m/nofp/libcr_eabihelpers.a(float.o)
__aeabi_fcmpgt                                    /usr/local/mcuxpresso-ide/ide/plugins/com.nxp.mcuxpresso.tools.linux_11.2.0.202001021529/tools/bin/../lib/gcc/arm-none-eabi/9.2.1/thumb/v7-m/nofp/libcr_eabihelpers.a(float.o)
                                                  /home/franco/Facultad/digital3/WORKSPACE/CMSISv2p00_LPC17xx/Debug/libCMSISv2p00_LPC17xx.a(lpc17xx_systick.o)
__aeabi_fcmple                                    /usr/local/mcuxpresso-ide/ide/plugins/com.nxp.mcuxpresso.tools.linux_11.2.0.202001021529/tools/bin/../lib/gcc/arm-none-eabi/9.2.1/thumb/v7-m/nofp/libcr_eabihelpers.a(float.o)
__aeabi_fcmplt                                    /usr/local/mcuxpresso-ide/ide/plugins/com.nxp.mcuxpresso.tools.linux_11.2.0.202001021529/tools/bin/../lib/gcc/arm-none-eabi/9.2.1/thumb/v7-m/nofp/libcr_eabihelpers.a(float.o)
__aeabi_fcmpun                                    /usr/local/mcuxpresso-ide/ide/plugins/com.nxp.mcuxpresso.tools.linux_11.2.0.202001021529/tools/bin/../lib/gcc/arm-none-eabi/9.2.1/thumb/v7-m/nofp/libcr_eabihelpers.a(float.o)
__aeabi_fdiv                                      /usr/local/mcuxpresso-ide/ide/plugins/com.nxp.mcuxpresso.tools.linux_11.2.0.202001021529/tools/bin/../lib/gcc/arm-none-eabi/9.2.1/thumb/v7-m/nofp/libcr_eabihelpers.a(float.o)
__aeabi_fmul                                      /usr/local/mcuxpresso-ide/ide/plugins/com.nxp.mcuxpresso.tools.linux_11.2.0.202001021529/tools/bin/../lib/gcc/arm-none-eabi/9.2.1/thumb/v7-m/nofp/libcr_eabihelpers.a(float.o)
__aeabi_fneg                                      /usr/local/mcuxpresso-ide/ide/plugins/com.nxp.mcuxpresso.tools.linux_11.2.0.202001021529/tools/bin/../lib/gcc/arm-none-eabi/9.2.1/thumb/v7-m/nofp/libcr_eabihelpers.a(float.o)
__aeabi_frsub                                     /usr/local/mcuxpresso-ide/ide/plugins/com.nxp.mcuxpresso.tools.linux_11.2.0.202001021529/tools/bin/../lib/gcc/arm-none-eabi/9.2.1/thumb/v7-m/nofp/libcr_eabihelpers.a(float.o)
__aeabi_fsub                                      /usr/local/mcuxpresso-ide/ide/plugins/com.nxp.mcuxpresso.tools.linux_11.2.0.202001021529/tools/bin/../lib/gcc/arm-none-eabi/9.2.1/thumb/v7-m/nofp/libcr_eabihelpers.a(float.o)
__aeabi_i2f                                       /usr/local/mcuxpresso-ide/ide/plugins/com.nxp.mcuxpresso.tools.linux_11.2.0.202001021529/tools/bin/../lib/gcc/arm-none-eabi/9.2.1/thumb/v7-m/nofp/libcr_eabihelpers.a(float.o)
__aeabi_idiv0                                     /usr/local/mcuxpresso-ide/ide/plugins/com.nxp.mcuxpresso.tools.linux_11.2.0.202001021529/tools/bin/../lib/gcc/arm-none-eabi/9.2.1/thumb/v7-m/nofp/libcr_eabihelpers.a(division_idiv0.o)
                                                  /usr/local/mcuxpresso-ide/ide/plugins/com.nxp.mcuxpresso.tools.linux_11.2.0.202001021529/tools/bin/../lib/gcc/arm-none-eabi/9.2.1/thumb/v7-m/nofp/libcr_eabihelpers.a(division_64.o)
__aeabi_l2f                                       /usr/local/mcuxpresso-ide/ide/plugins/com.nxp.mcuxpresso.tools.linux_11.2.0.202001021529/tools/bin/../lib/gcc/arm-none-eabi/9.2.1/thumb/v7-m/nofp/libcr_eabihelpers.a(float.o)
__aeabi_ldivmod                                   /usr/local/mcuxpresso-ide/ide/plugins/com.nxp.mcuxpresso.tools.linux_11.2.0.202001021529/tools/bin/../lib/gcc/arm-none-eabi/9.2.1/thumb/v7-m/nofp/libcr_eabihelpers.a(division_64.o)
                                                  /home/franco/Facultad/digital3/WORKSPACE/CMSISv2p00_LPC17xx/Debug/libCMSISv2p00_LPC17xx.a(system_LPC17xx.o)
__aeabi_lowlevel_memset                           /usr/local/mcuxpresso-ide/ide/plugins/com.nxp.mcuxpresso.tools.linux_11.2.0.202001021529/tools/bin/../lib/gcc/arm-none-eabi/9.2.1/thumb/v7-m/nofp/libcr_eabihelpers.a(memcpy.o)
                                                  /usr/local/mcuxpresso-ide/ide/plugins/com.nxp.mcuxpresso.tools.linux_11.2.0.202001021529/tools/bin/../lib/gcc/arm-none-eabi/9.2.1/../../../../arm-none-eabi/lib/thumb/v7-m/nofp/libcr_c.a(memset.o)
__aeabi_memclr                                    /usr/local/mcuxpresso-ide/ide/plugins/com.nxp.mcuxpresso.tools.linux_11.2.0.202001021529/tools/bin/../lib/gcc/arm-none-eabi/9.2.1/thumb/v7-m/nofp/libcr_eabihelpers.a(memcpy.o)
__aeabi_memclr4                                   /usr/local/mcuxpresso-ide/ide/plugins/com.nxp.mcuxpresso.tools.linux_11.2.0.202001021529/tools/bin/../lib/gcc/arm-none-eabi/9.2.1/thumb/v7-m/nofp/libcr_eabihelpers.a(memcpy.o)
__aeabi_memclr8                                   /usr/local/mcuxpresso-ide/ide/plugins/com.nxp.mcuxpresso.tools.linux_11.2.0.202001021529/tools/bin/../lib/gcc/arm-none-eabi/9.2.1/thumb/v7-m/nofp/libcr_eabihelpers.a(memcpy.o)
__aeabi_memcpy                                    /usr/local/mcuxpresso-ide/ide/plugins/com.nxp.mcuxpresso.tools.linux_11.2.0.202001021529/tools/bin/../lib/gcc/arm-none-eabi/9.2.1/thumb/v7-m/nofp/libcr_eabihelpers.a(memcpy.o)
                                                  /usr/local/mcuxpresso-ide/ide/plugins/com.nxp.mcuxpresso.tools.linux_11.2.0.202001021529/tools/bin/../lib/gcc/arm-none-eabi/9.2.1/../../../../arm-none-eabi/lib/thumb/v7-m/nofp/libcr_c.a(memcpy.o)
__aeabi_memcpy4                                   /usr/local/mcuxpresso-ide/ide/plugins/com.nxp.mcuxpresso.tools.linux_11.2.0.202001021529/tools/bin/../lib/gcc/arm-none-eabi/9.2.1/thumb/v7-m/nofp/libcr_eabihelpers.a(memcpy.o)
__aeabi_memcpy8                                   /usr/local/mcuxpresso-ide/ide/plugins/com.nxp.mcuxpresso.tools.linux_11.2.0.202001021529/tools/bin/../lib/gcc/arm-none-eabi/9.2.1/thumb/v7-m/nofp/libcr_eabihelpers.a(memcpy.o)
__aeabi_memmove                                   /usr/local/mcuxpresso-ide/ide/plugins/com.nxp.mcuxpresso.tools.linux_11.2.0.202001021529/tools/bin/../lib/gcc/arm-none-eabi/9.2.1/thumb/v7-m/nofp/libcr_eabihelpers.a(memcpy.o)
__aeabi_memmove4                                  /usr/local/mcuxpresso-ide/ide/plugins/com.nxp.mcuxpresso.tools.linux_11.2.0.202001021529/tools/bin/../lib/gcc/arm-none-eabi/9.2.1/thumb/v7-m/nofp/libcr_eabihelpers.a(memcpy.o)
__aeabi_memmove8                                  /usr/local/mcuxpresso-ide/ide/plugins/com.nxp.mcuxpresso.tools.linux_11.2.0.202001021529/tools/bin/../lib/gcc/arm-none-eabi/9.2.1/thumb/v7-m/nofp/libcr_eabihelpers.a(memcpy.o)
__aeabi_memset                                    /usr/local/mcuxpresso-ide/ide/plugins/com.nxp.mcuxpresso.tools.linux_11.2.0.202001021529/tools/bin/../lib/gcc/arm-none-eabi/9.2.1/thumb/v7-m/nofp/libcr_eabihelpers.a(memcpy.o)
__aeabi_memset4                                   /usr/local/mcuxpresso-ide/ide/plugins/com.nxp.mcuxpresso.tools.linux_11.2.0.202001021529/tools/bin/../lib/gcc/arm-none-eabi/9.2.1/thumb/v7-m/nofp/libcr_eabihelpers.a(memcpy.o)
__aeabi_memset8                                   /usr/local/mcuxpresso-ide/ide/plugins/com.nxp.mcuxpresso.tools.linux_11.2.0.202001021529/tools/bin/../lib/gcc/arm-none-eabi/9.2.1/thumb/v7-m/nofp/libcr_eabihelpers.a(memcpy.o)
__aeabi_ui2f                                      /usr/local/mcuxpresso-ide/ide/plugins/com.nxp.mcuxpresso.tools.linux_11.2.0.202001021529/tools/bin/../lib/gcc/arm-none-eabi/9.2.1/thumb/v7-m/nofp/libcr_eabihelpers.a(float.o)
                                                  /home/franco/Facultad/digital3/WORKSPACE/CMSISv2p00_LPC17xx/Debug/libCMSISv2p00_LPC17xx.a(lpc17xx_systick.o)
__aeabi_ul2f                                      /usr/local/mcuxpresso-ide/ide/plugins/com.nxp.mcuxpresso.tools.linux_11.2.0.202001021529/tools/bin/../lib/gcc/arm-none-eabi/9.2.1/thumb/v7-m/nofp/libcr_eabihelpers.a(float.o)
__aeabi_uldivmod                                  /usr/local/mcuxpresso-ide/ide/plugins/com.nxp.mcuxpresso.tools.linux_11.2.0.202001021529/tools/bin/../lib/gcc/arm-none-eabi/9.2.1/thumb/v7-m/nofp/libcr_eabihelpers.a(division_64.o)
                                                  /home/franco/Facultad/digital3/WORKSPACE/CMSISv2p00_LPC17xx/Debug/libCMSISv2p00_LPC17xx.a(lpc17xx_timer.o)
                                                  /home/franco/Facultad/digital3/WORKSPACE/CMSISv2p00_LPC17xx/Debug/libCMSISv2p00_LPC17xx.a(system_LPC17xx.o)
__bhs_ldivmod1                                    /usr/local/mcuxpresso-ide/ide/plugins/com.nxp.mcuxpresso.tools.linux_11.2.0.202001021529/tools/bin/../lib/gcc/arm-none-eabi/9.2.1/thumb/v7-m/nofp/libcr_eabihelpers.a(division_64.o)
__bhs_ui2f                                        /usr/local/mcuxpresso-ide/ide/plugins/com.nxp.mcuxpresso.tools.linux_11.2.0.202001021529/tools/bin/../lib/gcc/arm-none-eabi/9.2.1/thumb/v7-m/nofp/libcr_eabihelpers.a(float.o)
__bhs_ul2f                                        /usr/local/mcuxpresso-ide/ide/plugins/com.nxp.mcuxpresso.tools.linux_11.2.0.202001021529/tools/bin/../lib/gcc/arm-none-eabi/9.2.1/thumb/v7-m/nofp/libcr_eabihelpers.a(float.o)
__bss_section_table_end                           ./src/cr_startup_lpc175x_6x.o
__check_heap_overflow                             /usr/local/mcuxpresso-ide/ide/plugins/com.nxp.mcuxpresso.tools.linux_11.2.0.202001021529/tools/bin/../lib/gcc/arm-none-eabi/9.2.1/../../../../arm-none-eabi/lib/thumb/v7-m/nofp/libcr_c.a(_cr_check_heap.o)
                                                  /usr/local/mcuxpresso-ide/ide/plugins/com.nxp.mcuxpresso.tools.linux_11.2.0.202001021529/tools/bin/../lib/gcc/arm-none-eabi/9.2.1/../../../../arm-none-eabi/lib/thumb/v7-m/nofp/libcr_c.a(_cr_sbrk.o)
__data_section_table                              ./src/cr_startup_lpc175x_6x.o
__data_section_table_end                          ./src/cr_startup_lpc175x_6x.o
__end_of_heap                                     /usr/local/mcuxpresso-ide/ide/plugins/com.nxp.mcuxpresso.tools.linux_11.2.0.202001021529/tools/bin/../lib/gcc/arm-none-eabi/9.2.1/../../../../arm-none-eabi/lib/thumb/v7-m/nofp/libcr_c.a(__init_alloc.o)