core_cm3.h:928:22:NVIC_EnableIRQ	16	static
core_cm3.h:1012:22:NVIC_SetPriority	16	static
core_cm3.h:1137:26:SysTick_Config	16	static
TP_FINAL.c:62:5:main	8	static
TP_FINAL.c:86:6:llenar_leds	16	static
TP_FINAL.c:93:6:desplazar_fila	16	static
TP_FINAL.c:108:6:confEInt	16	static
TP_FINAL.c:121:6:confPin	16	static
TP_FINAL.c:141:6:EINT0_IRQHandler	16	static
TP_FINAL.c:198:6:retardo	24	static
TP_FINAL.c:203:6:llenar_win	8	static
TP_FINAL.c:224:6:llenar_lose	8	static
TP_FINAL.c:244:6:conf_spi	72	static
TP_FINAL.c:316:6:spi_send_leds	40	static
TP_FINAL.c:366:6:update_leds	48	static
TP_FINAL.c:384:6:conf_timer0	32	static
TP_FINAL.c:407:6:conf_timer1	32	static
TP_FINAL.c:427:6:TIMER0_IRQHandler	8	static
TP_FINAL.c:436:5:cant_bits	32	static
TP_FINAL.c:452:5:cual_bit	24	static
TP_FINAL.c:466:6:hacer_tono	16	static
TP_FINAL.c:476:6:SysTick_Handler	8	static
TP_FINAL.c:485:6:reconfigure_match	32	static
