core_cm3.h:928:22:NVIC_EnableIRQ	16	static
core_cm3.h:1012:22:NVIC_SetPriority	16	static
core_cm3.h:1137:26:SysTick_Config	16	static
TP_FINAL.c:59:5:main	8	static
TP_FINAL.c:85:6:llenar_leds	16	static
TP_FINAL.c:92:6:desplazar_fila	16	static
TP_FINAL.c:107:6:confEInt	16	static
TP_FINAL.c:119:6:confPin	16	static
TP_FINAL.c:139:6:EINT0_IRQHandler	16	static
TP_FINAL.c:195:6:retardo	24	static
TP_FINAL.c:200:6:llenar_win	4	static
TP_FINAL.c:212:6:llenar_lose	4	static
TP_FINAL.c:225:6:conf_spi	72	static
TP_FINAL.c:297:6:spi_send_leds	40	static
TP_FINAL.c:347:6:update_leds	48	static
TP_FINAL.c:365:6:conf_timer0	32	static
TP_FINAL.c:387:6:conf_timer1	32	static
TP_FINAL.c:411:6:TIMER0_IRQHandler	8	static
TP_FINAL.c:420:5:cant_bits	32	static
TP_FINAL.c:436:5:cual_bit	24	static
TP_FINAL.c:450:6:hacer_tono	8	static
TP_FINAL.c:465:6:SysTick_Handler	8	static
